馃殌 COSMIC鎷嗗垎绯荤粺 - 鑷姩鍖栨祴璇曞紑濮?鈴?鏃堕棿: 2026骞?鏈?0鏃?涓嬪崍4:04:08
馃寪 鏈嶅姟鍦板潃: http://localhost:3005

鈺愨晲鈺愨晲鈺愨晲鈺愨晲鈺愨晲鈺愨晲鈺愨晲鈺愨晲鈺愨晲鈺愨晲鈺愨晲鈺愨晲鈺愨晲鈺愨晲鈺愨晲鈺愨晲鈺愨晲鈺愨晲鈺愨晲鈺愨晲鈺愨晲鈺愨晲鈺愨晲鈺愨晲鈺愨晲鈺愨晲鈺愨晲鈺愨晲鈺愨晲鈺愨晲
  姝ラ0: 鍋ュ悍妫€鏌?鈺愨晲鈺愨晲鈺愨晲鈺愨晲鈺愨晲鈺愨晲鈺愨晲鈺愨晲鈺愨晲鈺愨晲鈺愨晲鈺愨晲鈺愨晲鈺愨晲鈺愨晲鈺愨晲鈺愨晲鈺愨晲鈺愨晲鈺愨晲鈺愨晲鈺愨晲鈺愨晲鈺愨晲鈺愨晲鈺愨晲鈺愨晲鈺愨晲鈺愨晲鈺愨晲
  鉁?鏈嶅姟鐘舵€? ok
  馃搳 褰撳墠妯″瀷: undefined
  馃敆 骞冲彴: undefined

鈺愨晲鈺愨晲鈺愨晲鈺愨晲鈺愨晲鈺愨晲鈺愨晲鈺愨晲鈺愨晲鈺愨晲鈺愨晲鈺愨晲鈺愨晲鈺愨晲鈺愨晲鈺愨晲鈺愨晲鈺愨晲鈺愨晲鈺愨晲鈺愨晲鈺愨晲鈺愨晲鈺愨晲鈺愨晲鈺愨晲鈺愨晲鈺愨晲鈺愨晲鈺愨晲
  姝ラ1: 涓婁紶骞惰В鏋愭枃妗?鈺愨晲鈺愨晲鈺愨晲鈺愨晲鈺愨晲鈺愨晲鈺愨晲鈺愨晲鈺愨晲鈺愨晲鈺愨晲鈺愨晲鈺愨晲鈺愨晲鈺愨晲鈺愨晲鈺愨晲鈺愨晲鈺愨晲鈺愨晲鈺愨晲鈺愨晲鈺愨晲鈺愨晲鈺愨晲鈺愨晲鈺愨晲鈺愨晲鈺愨晲鈺愨晲
  馃搫 娴嬭瘯鏂囦欢: D:\xwechat_files\wxid_kmb6d6zs5vhi21_55b1\msg\file\2026-03\cosmic鎷嗗垎\test-doc.txt
  鉁?瑙ｆ瀽鎴愬姛锛?  馃搹 鏂囨。闀垮害: 682 瀛楃
  馃摑 鏂囨。棰勮: 缃戜紭骞冲彴璐ㄩ噺绠＄悊绯荤粺闇€姹傛枃妗?

1. 绯荤粺姒傝堪
鏈郴缁熶负鏃犵嚎缃戠粶浼樺寲骞冲彴鐨勮川閲忕鐞嗗瓙绯荤粺锛屼富瑕侀潰鍚戠綉浼樺伐绋嬪笀鍜岀鐞嗕汉鍛橈紝鎻愪緵缃戠粶璐ㄩ噺鐩戞帶銆侀棶棰樺伐鍗曠鐞嗐€佷紭鍖栨柟妗堢鐞嗙瓑鍔熻兘銆?

2. 鍔熻兘闇€姹?..

鈺愨晲鈺愨晲鈺愨晲鈺愨晲鈺愨晲鈺愨晲鈺愨晲鈺愨晲鈺愨晲鈺愨晲鈺愨晲鈺愨晲鈺愨晲鈺愨晲鈺愨晲鈺愨晲鈺愨晲鈺愨晲鈺愨晲鈺愨晲鈺愨晲鈺愨晲鈺愨晲鈺愨晲鈺愨晲鈺愨晲鈺愨晲鈺愨晲鈺愨晲鈺愨晲
  姝ラ2: AI娣卞害鐞嗚В鏂囨。
鈺愨晲鈺愨晲鈺愨晲鈺愨晲鈺愨晲鈺愨晲鈺愨晲鈺愨晲鈺愨晲鈺愨晲鈺愨晲鈺愨晲鈺愨晲鈺愨晲鈺愨晲鈺愨晲鈺愨晲鈺愨晲鈺愨晲鈺愨晲鈺愨晲鈺愨晲鈺愨晲鈺愨晲鈺愨晲鈺愨晲鈺愨晲鈺愨晲鈺愨晲鈺愨晲
  鈴?姝ｅ湪璋冪敤AI鍒嗘瀽鏂囨。缁撴瀯...(鍙兘闇€瑕?0-60绉?
  鉁?鏂囨。鐞嗚В瀹屾垚锛?  馃搵 椤圭洰鍚嶇О: 缃戜紭骞冲彴璐ㄩ噺绠＄悊绯荤粺
  馃摑 椤圭洰鎻忚堪: 鏃犵嚎缃戠粶浼樺寲骞冲彴鐨勮川閲忕鐞嗗瓙绯荤粺锛屾彁渚涚綉缁滆川閲忕洃鎺с€侀棶棰樺伐鍗曠鐞嗐€佷紭鍖栨柟妗堢鐞嗙瓑鍔熻兘銆?  馃摝 鏍稿績妯″潡 (5涓?:
    1. 璐ㄥ樊灏忓尯绠＄悊: 鏌ヨ璐ㄥ樊灏忓尯鍒楄〃銆佹爣璁板鐞嗚川宸皬鍖恒€佹壒閲忓鍏ヨ川宸皬鍖烘暟鎹?    2. 闂宸ュ崟绠＄悊: 鍒涘缓闂宸ュ崟銆佸垎閰嶉棶棰樺伐鍗曘€佸鐞嗛棶棰樺伐鍗曘€佸鏍搁棶棰樺伐鍗曘€佹煡璇㈤棶棰樺伐鍗曞垪琛?    3. 浼樺寲鏂规绠＄悊: 鍒涘缓浼樺寲鏂规銆佽瘎瀹′紭鍖栨柟妗堛€佹墽琛屼紭鍖栨柟妗堛€佽瘎浼颁紭鍖栨柟妗堟晥鏋?    4. 鏁版嵁閲囬泦涓庢眹鎬? 閲囬泦鍩虹珯鎬ц兘鎸囨爣銆佹眹鎬荤綉缁滆川閲忔暟鎹€佺敓鎴愯川宸皬鍖洪璀?    5. 澶栭儴鎺ュ彛绠＄悊: 鍚屾鍩虹珯閰嶇疆鏁版嵁銆佽幏鍙栧熀绔欏湴鐞嗕綅缃俊鎭€佹帹閫佽川閲忔姤琛ㄦ暟鎹?  馃彚 涓氬姟瀹炰綋 (3涓?:
    1. 璐ㄥ樊灏忓尯 (鏈夌敓鍛藉懆鏈?
    2. 闂宸ュ崟 (鏈夌敓鍛藉懆鏈?
    3. 浼樺寲鏂规 (鏈夌敓鍛藉懆鏈?
  馃幆 棰勪及鍔熻兘杩囩▼鏁? 27

鈺愨晲鈺愨晲鈺愨晲鈺愨晲鈺愨晲鈺愨晲鈺愨晲鈺愨晲鈺愨晲鈺愨晲鈺愨晲鈺愨晲鈺愨晲鈺愨晲鈺愨晲鈺愨晲鈺愨晲鈺愨晲鈺愨晲鈺愨晲鈺愨晲鈺愨晲鈺愨晲鈺愨晲鈺愨晲鈺愨晲鈺愨晲鈺愨晲鈺愨晲鈺愨晲
  姝ラ3: 绔犺妭缁撴瀯璇嗗埆
鈺愨晲鈺愨晲鈺愨晲鈺愨晲鈺愨晲鈺愨晲鈺愨晲鈺愨晲鈺愨晲鈺愨晲鈺愨晲鈺愨晲鈺愨晲鈺愨晲鈺愨晲鈺愨晲鈺愨晲鈺愨晲鈺愨晲鈺愨晲鈺愨晲鈺愨晲鈺愨晲鈺愨晲鈺愨晲鈺愨晲鈺愨晲鈺愨晲鈺愨晲鈺愨晲
  鉁?璇嗗埆鍒?7 涓珷鑺?
    1. 1. 绯荤粺姒傝堪 (71瀛? [璺宠繃]
    2. 2. 鍔熻兘闇€姹?(7瀛? [璺宠繃]
    3. 2.1 璐ㄥ樊灏忓尯绠＄悊 (123瀛?
    4. 2.2 闂宸ュ崟绠＄悊 (147瀛?
    5. 2.3 浼樺寲鏂规绠＄悊 (121瀛?
    6. 2.4 鏁版嵁閲囬泦涓庢眹鎬?(96瀛? [璺宠繃]
    7. 2.5 澶栭儴鎺ュ彛 (73瀛? [璺宠繃]

鈺愨晲鈺愨晲鈺愨晲鈺愨晲鈺愨晲鈺愨晲鈺愨晲鈺愨晲鈺愨晲鈺愨晲鈺愨晲鈺愨晲鈺愨晲鈺愨晲鈺愨晲鈺愨晲鈺愨晲鈺愨晲鈺愨晲鈺愨晲鈺愨晲鈺愨晲鈺愨晲鈺愨晲鈺愨晲鈺愨晲鈺愨晲鈺愨晲鈺愨晲鈺愨晲
  姝ラ4: 涓€閿瓹OSMIC鎷嗗垎鍒嗘瀽
鈺愨晲鈺愨晲鈺愨晲鈺愨晲鈺愨晲鈺愨晲鈺愨晲鈺愨晲鈺愨晲鈺愨晲鈺愨晲鈺愨晲鈺愨晲鈺愨晲鈺愨晲鈺愨晲鈺愨晲鈺愨晲鈺愨晲鈺愨晲鈺愨晲鈺愨晲鈺愨晲鈺愨晲鈺愨晲鈺愨晲鈺愨晲鈺愨晲鈺愨晲鈺愨晲
  鈴?寮€濮婥OSMIC鎷嗗垎...(杩欐槸鏈€鍏抽敭鐨勬楠わ紝鍙兘闇€瑕?-3鍒嗛挓)

  馃攧 绗?1 杞垎鏋?..
  鈴憋笍 鑰楁椂: 65.1绉?  馃搳 鏈疆鏂板 75 鏉″瓙杩囩▼
  馃搱 绱: 18 涓姛鑳借繃绋? 75 鏉″瓙杩囩▼

  馃攧 绗?2 杞垎鏋?..
  鈴憋笍 鑰楁椂: 139.6绉?  馃搳 鏈疆鏂板 52 鏉″瓙杩囩▼
  馃搱 绱: 30 涓姛鑳借繃绋? 127 鏉″瓙杩囩▼

  馃攧 绗?3 杞垎鏋?..
  鈴憋笍 鑰楁椂: 0.6绉?  馃搱 绱: 30 涓姛鑳借繃绋? 127 鏉″瓙杩囩▼
  鉁?鍒嗘瀽瀹屾垚锛?
鈺愨晲鈺愨晲鈺愨晲鈺愨晲鈺愨晲鈺愨晲鈺愨晲鈺愨晲鈺愨晲鈺愨晲鈺愨晲鈺愨晲鈺愨晲鈺愨晲鈺愨晲鈺愨晲鈺愨晲鈺愨晲鈺愨晲鈺愨晲鈺愨晲鈺愨晲鈺愨晲鈺愨晲鈺愨晲鈺愨晲鈺愨晲鈺愨晲鈺愨晲鈺愨晲
  姝ラ5: COSMIC鎷嗗垎缁撴灉
鈺愨晲鈺愨晲鈺愨晲鈺愨晲鈺愨晲鈺愨晲鈺愨晲鈺愨晲鈺愨晲鈺愨晲鈺愨晲鈺愨晲鈺愨晲鈺愨晲鈺愨晲鈺愨晲鈺愨晲鈺愨晲鈺愨晲鈺愨晲鈺愨晲鈺愨晲鈺愨晲鈺愨晲鈺愨晲鈺愨晲鈺愨晲鈺愨晲鈺愨晲鈺愨晲

  馃搳 缁熻姒傝:
  鈹佲攣鈹佲攣鈹佲攣鈹佲攣鈹佲攣鈹佲攣鈹佲攣鈹佲攣鈹佲攣鈹佲攣鈹佲攣鈹佲攣鈹佲攣鈹佲攣鈹佲攣
  鍔熻兘杩囩▼鎬绘暟: 30
  瀛愯繃绋嬫€绘暟:   127
  CFP鎬荤偣鏁?    127
  E(杈撳叆):    30
  R(璇诲彇):    36
  W(鍐欏叆):    31
  X(杈撳嚭):    30
  鈹佲攣鈹佲攣鈹佲攣鈹佲攣鈹佲攣鈹佲攣鈹佲攣鈹佲攣鈹佲攣鈹佲攣鈹佲攣鈹佲攣鈹佲攣鈹佲攣鈹佲攣

  馃搵 鍔熻兘杩囩▼鍒楄〃:
     1. 鏌ヨ璐ㄥ樊灏忓尯鍒楄〃 [E] (1涓瓙杩囩▼)
     2. 鏍囪澶勭悊璐ㄥ樊灏忓尯 [E] (1涓瓙杩囩▼)
     3. 鎵归噺瀵煎叆璐ㄥ樊灏忓尯鏁版嵁 [E] (1涓瓙杩囩▼)
     4. 鍒涘缓闂宸ュ崟 [E] (1涓瓙杩囩▼)
     5. 鍒嗛厤闂宸ュ崟 [E] (1涓瓙杩囩▼)
     6. 澶勭悊闂宸ュ崟 [E] (1涓瓙杩囩▼)
     7. 瀹℃牳闂宸ュ崟 [E] (1涓瓙杩囩▼)
     8. 鏌ヨ闂宸ュ崟鍒楄〃 [E] (1涓瓙杩囩▼)
     9. 鍒涘缓浼樺寲鏂规 [E] (1涓瓙杩囩▼)
    10. 璇勫浼樺寲鏂规 [E] (1涓瓙杩囩▼)
    11. 鎵ц浼樺寲鏂规 [E] (1涓瓙杩囩▼)
    12. 璇勪及浼樺寲鏂规鏁堟灉 [E] (1涓瓙杩囩▼)
    13. 閲囬泦鍩虹珯鎬ц兘鎸囨爣 [E] (1涓瓙杩囩▼)
    14. 姹囨€荤綉缁滆川閲忔暟鎹?[E] (1涓瓙杩囩▼)
    15. 鐢熸垚璐ㄥ樊灏忓尯棰勮 [E] (1涓瓙杩囩▼)
    16. 鍚屾鍩虹珯閰嶇疆鏁版嵁 [E] (1涓瓙杩囩▼)
    17. 鑾峰彇鍩虹珯鍦扮悊浣嶇疆 [E] (1涓瓙杩囩▼)
    18. 鎺ㄩ€佽川閲忔姤琛ㄦ暟鎹?[E] (1涓瓙杩囩▼)
    19. 鏌ョ湅璐ㄥ樊灏忓尯璇︽儏 [E] (1涓瓙杩囩▼)
    20. 娣诲姞璐ㄥ樊澶勭悊澶囨敞 [E] (1涓瓙杩囩▼)
    21. 鍙戦€侀璀︾煭淇￠€氱煡 [E] (1涓瓙杩囩▼)
    22. 鏌ヨ浼樺寲鏂规鍒楄〃 [E] (1涓瓙杩囩▼)
    23. 鏌ョ湅浼樺寲鏂规璇︽儏 [E] (1涓瓙杩囩▼)
    24. 鐢熸垚缃戠粶璐ㄩ噺鏃ユ姤 [E] (1涓瓙杩囩▼)
    25. 澶勭悊GIS鍩虹珯浣嶇疆鏇存柊 [E] (1涓瓙杩囩▼)
    26. 瀵煎嚭璐ㄥ樊灏忓尯鎶ヨ〃 [E] (1涓瓙杩囩▼)
    27. 娓呯悊杩囨湡棰勮鏁版嵁 [E] (1涓瓙杩囩▼)
    28. 鏌ヨ鍩虹珯鎬ц兘瓒嬪娍 [E] (1涓瓙杩囩▼)
    29. 鎺ユ敹涓婄骇骞冲彴鏁版嵁 [E] (1涓瓙杩囩▼)
    30. 璁剧疆棰勮闃堝€?[E] (1涓瓙杩囩▼)

  馃搳 璇︾粏COSMIC鎷嗗垎琛ㄦ牸:
鈹屸攢鈹€鈹€鈹€鈹€鈹€鈹€鈹€鈹€鈹€鈹€鈹€鈹€鈹€鈹€鈹€鈹攢鈹€鈹€鈹€鈹€鈹€鈹€鈹€鈹€鈹€鈹攢鈹€鈹€鈹€鈹€鈹€鈹€鈹€鈹€鈹€鈹€鈹€鈹€鈹€鈹€鈹€鈹€鈹€鈹€鈹€鈹攢鈹€鈹€鈹€鈹€鈹€鈹€鈹€鈹€鈹€鈹€鈹€鈹€鈹€鈹€鈹€鈹€鈹€鈹€鈹€鈹€鈹€鈹€鈹€鈹€鈹€鈹攢鈹€鈹€鈹€鈹€鈹€鈹攢鈹€鈹€鈹€鈹€鈹€鈹€鈹€鈹€鈹€鈹€鈹€鈹€鈹€鈹€鈹€鈹€鈹€鈹€鈹€鈹€鈹€鈹攢鈹€鈹€鈹€鈹€鈹€鈹€鈹€鈹€鈹€鈹€鈹€鈹€鈹€鈹€鈹€鈹€鈹€鈹€鈹€鈹?鈹?鍔熻兘鐢ㄦ埛       鈹?瑙﹀彂浜嬩欢 鈹?鍔熻兘杩囩▼           鈹?瀛愯繃绋嬫弿杩?              鈹?绫诲瀷 鈹?鏁版嵁缁?              鈹?鏁版嵁灞炴€?          鈹?鈹溾攢鈹€鈹€鈹€鈹€鈹€鈹€鈹€鈹€鈹€鈹€鈹€鈹€鈹€鈹€鈹€鈹尖攢鈹€鈹€鈹€鈹€鈹€鈹€鈹€鈹€鈹€鈹尖攢鈹€鈹€鈹€鈹€鈹€鈹€鈹€鈹€鈹€鈹€鈹€鈹€鈹€鈹€鈹€鈹€鈹€鈹€鈹€鈹尖攢鈹€鈹€鈹€鈹€鈹€鈹€鈹€鈹€鈹€鈹€鈹€鈹€鈹€鈹€鈹€鈹€鈹€鈹€鈹€鈹€鈹€鈹€鈹€鈹€鈹€鈹尖攢鈹€鈹€鈹€鈹€鈹€鈹尖攢鈹€鈹€鈹€鈹€鈹€鈹€鈹€鈹€鈹€鈹€鈹€鈹€鈹€鈹€鈹€鈹€鈹€鈹€鈹€鈹€鈹€鈹尖攢鈹€鈹€鈹€鈹€鈹€鈹€鈹€鈹€鈹€鈹€鈹€鈹€鈹€鈹€鈹€鈹€鈹€鈹€鈹€鈹?鈹?鍙戣捣鑰咃細鐢ㄦ埛 鎺ユ敹鑰咃細绯荤粺  鈹?鐢ㄦ埛瑙﹀彂     鈹?鏌ヨ璐ㄥ樊灏忓尯鍒楄〃           鈹?鎺ユ敹璐ㄥ樊灏忓尯鏌ヨ璇锋眰               鈹?E    鈹?璐ㄥ樊灏忓尯鏌ヨ璇锋眰             鈹?鍦板競缂栧彿銆佸尯鍘跨紪鍙枫€佷弗閲嶇▼搴︺€佹煡璇㈡椂 鈹?鈹?鍙戣捣鑰咃細鐢ㄦ埛 鎺ユ敹鑰咃細绯荤粺  鈹?鐢ㄦ埛瑙﹀彂     鈹?                   鈹?璇诲彇璐ㄥ樊灏忓尯鍩虹鏁版嵁               鈹?R    鈹?璐ㄥ樊灏忓尯鍩虹鏁版嵁琛?           鈹?灏忓尯缂栧彿銆佸皬鍖哄悕绉般€佹墍灞炲湴甯傘€佹墍灞炲尯 鈹?鈹?鍙戣捣鑰咃細鐢ㄦ埛 鎺ユ敹鑰咃細绯荤粺  鈹?鐢ㄦ埛瑙﹀彂     鈹?                   鈹?璇诲彇璐ㄥ樊灏忓尯KPI鏁版嵁              鈹?R    鈹?璐ㄥ樊灏忓尯KPI鏁版嵁琛?          鈹?灏忓尯缂栧彿銆佹帀璇濈巼銆佸垏鎹㈡垚鍔熺巼銆佹帴閫氱巼 鈹?鈹?鍙戣捣鑰咃細鐢ㄦ埛 鎺ユ敹鑰咃細绯荤粺  鈹?鐢ㄦ埛瑙﹀彂     鈹?                   鈹?淇濆瓨璐ㄥ樊鏌ヨ鏃ュ織                 鈹?W    鈹?璐ㄥ樊灏忓尯鏌ヨ鏃ュ織琛?           鈹?鏌ヨ缂栧彿銆佹煡璇㈡潯浠躲€佹煡璇汉銆佹煡璇㈡椂闂?鈹?鈹?鍙戣捣鑰咃細鐢ㄦ埛 鎺ユ敹鑰咃細绯荤粺  鈹?鐢ㄦ埛瑙﹀彂     鈹?                   鈹?鍛堢幇璐ㄥ樊灏忓尯鍒楄〃                 鈹?X    鈹?璐ㄥ樊灏忓尯鏌ヨ鍝嶅簲             鈹?灏忓尯鍒楄〃銆佹€绘暟閲忋€佽繑鍥炴椂闂?     鈹?鈹溾攢鈹€鈹€鈹€鈹€鈹€鈹€鈹€鈹€鈹€鈹€鈹€鈹€鈹€鈹€鈹€鈹尖攢鈹€鈹€鈹€鈹€鈹€鈹€鈹€鈹€鈹€鈹尖攢鈹€鈹€鈹€鈹€鈹€鈹€鈹€鈹€鈹€鈹€鈹€鈹€鈹€鈹€鈹€鈹€鈹€鈹€鈹€鈹尖攢鈹€鈹€鈹€鈹€鈹€鈹€鈹€鈹€鈹€鈹€鈹€鈹€鈹€鈹€鈹€鈹€鈹€鈹€鈹€鈹€鈹€鈹€鈹€鈹€鈹€鈹尖攢鈹€鈹€鈹€鈹€鈹€鈹尖攢鈹€鈹€鈹€鈹€鈹€鈹€鈹€鈹€鈹€鈹€鈹€鈹€鈹€鈹€鈹€鈹€鈹€鈹€鈹€鈹€鈹€鈹尖攢鈹€鈹€鈹€鈹€鈹€鈹€鈹€鈹€鈹€鈹€鈹€鈹€鈹€鈹€鈹€鈹€鈹€鈹€鈹€鈹?鈹?鍙戣捣鑰咃細鐢ㄦ埛 鎺ユ敹鑰咃細绯荤粺  鈹?鐢ㄦ埛瑙﹀彂     鈹?鏍囪澶勭悊璐ㄥ樊灏忓尯           鈹?鎺ユ敹璐ㄥ樊灏忓尯鏍囪璇锋眰               鈹?E    鈹?璐ㄥ樊灏忓尯鏍囪璇锋眰             鈹?灏忓尯缂栧彿銆佸鐞嗗娉ㄣ€佸鐞嗕汉銆佸鐞嗘椂闂?鈹?鈹?鍙戣捣鑰咃細鐢ㄦ埛 鎺ユ敹鑰咃細绯荤粺  鈹?鐢ㄦ埛瑙﹀彂     鈹?                   鈹?璇诲彇璐ㄥ樊灏忓尯鐘舵€佹暟鎹?              鈹?R    鈹?璐ㄥ樊灏忓尯鐘舵€佹暟鎹〃            鈹?灏忓尯缂栧彿銆佸綋鍓嶇姸鎬併€佹渶鍚庡鐞嗕汉銆佹渶鍚?鈹?鈹?鍙戣捣鑰咃細鐢ㄦ埛 鎺ユ敹鑰咃細绯荤粺  鈹?鐢ㄦ埛瑙﹀彂     鈹?                   鈹?鏇存柊璐ㄥ樊灏忓尯澶勭悊鐘舵€?              鈹?W    鈹?璐ㄥ樊灏忓尯澶勭悊璁板綍琛?           鈹?澶勭悊缂栧彿銆佸皬鍖虹紪鍙枫€佸鐞嗗娉ㄣ€佸鐞嗙姸 鈹?鈹?鍙戣捣鑰咃細鐢ㄦ埛 鎺ユ敹鑰咃細绯荤粺  鈹?鐢ㄦ埛瑙﹀彂     鈹?                   鈹?鍛堢幇璐ㄥ樊鏍囪缁撴灉                 鈹?X    鈹?璐ㄥ樊灏忓尯鏍囪鍝嶅簲             鈹?澶勭悊缂栧彿銆佸鐞嗙姸鎬併€佸鐞嗘椂闂?    鈹?鈹溾攢鈹€鈹€鈹€鈹€鈹€鈹€鈹€鈹€鈹€鈹€鈹€鈹€鈹€鈹€鈹€鈹尖攢鈹€鈹€鈹€鈹€鈹€鈹€鈹€鈹€鈹€鈹尖攢鈹€鈹€鈹€鈹€鈹€鈹€鈹€鈹€鈹€鈹€鈹€鈹€鈹€鈹€鈹€鈹€鈹€鈹€鈹€鈹尖攢鈹€鈹€鈹€鈹€鈹€鈹€鈹€鈹€鈹€鈹€鈹€鈹€鈹€鈹€鈹€鈹€鈹€鈹€鈹€鈹€鈹€鈹€鈹€鈹€鈹€鈹尖攢鈹€鈹€鈹€鈹€鈹€鈹尖攢鈹€鈹€鈹€鈹€鈹€鈹€鈹€鈹€鈹€鈹€鈹€鈹€鈹€鈹€鈹€鈹€鈹€鈹€鈹€鈹€鈹€鈹尖攢鈹€鈹€鈹€鈹€鈹€鈹€鈹€鈹€鈹€鈹€鈹€鈹€鈹€鈹€鈹€鈹€鈹€鈹€鈹€鈹?鈹?鍙戣捣鑰咃細鐢ㄦ埛 鎺ユ敹鑰咃細绯荤粺  鈹?鐢ㄦ埛瑙﹀彂     鈹?鎵归噺瀵煎叆璐ㄥ樊灏忓尯鏁版嵁         鈹?鎺ユ敹璐ㄥ樊鏁版嵁瀵煎叆璇锋眰               鈹?E    鈹?璐ㄥ樊鏁版嵁瀵煎叆璇锋眰             鈹?瀵煎叆鏂囦欢銆佸鍏ヤ汉銆佸鍏ユ椂闂?     鈹?鈹?鍙戣捣鑰咃細鐢ㄦ埛 鎺ユ敹鑰咃細绯荤粺  鈹?鐢ㄦ埛瑙﹀彂     鈹?                   鈹?璇诲彇璐ㄥ樊鏁版嵁瀵煎叆閰嶇疆               鈹?R    鈹?璐ㄥ樊鏁版嵁瀵煎叆閰嶇疆琛?           鈹?瀛楁鏄犲皠銆佹牎楠岃鍒欍€侀粯璁ゅ€艰缃?   鈹?鈹?鍙戣捣鑰咃細鐢ㄦ埛 鎺ユ敹鑰咃細绯荤粺  鈹?鐢ㄦ埛瑙﹀彂     鈹?                   鈹?淇濆瓨瀵煎叆鐨勮川宸暟鎹?               鈹?W    鈹?璐ㄥ樊灏忓尯瀵煎叆璁板綍琛?           鈹?瀵煎叆鎵规鍙枫€佸鍏ユ枃浠躲€佸鍏ユ暟閲忋€佸鍏?鈹?鈹?鍙戣捣鑰咃細鐢ㄦ埛 鎺ユ敹鑰咃細绯荤粺  鈹?鐢ㄦ埛瑙﹀彂     鈹?                   鈹?鍛堢幇璐ㄥ樊瀵煎叆缁撴灉                 鈹?X    鈹?璐ㄥ樊鏁版嵁瀵煎叆鍝嶅簲             鈹?瀵煎叆鎵规鍙枫€佹垚鍔熸暟閲忋€佸け璐ユ暟閲忋€佸鍏?鈹?鈹溾攢鈹€鈹€鈹€鈹€鈹€鈹€鈹€鈹€鈹€鈹€鈹€鈹€鈹€鈹€鈹€鈹尖攢鈹€鈹€鈹€鈹€鈹€鈹€鈹€鈹€鈹€鈹尖攢鈹€鈹€鈹€鈹€鈹€鈹€鈹€鈹€鈹€鈹€鈹€鈹€鈹€鈹€鈹€鈹€鈹€鈹€鈹€鈹尖攢鈹€鈹€鈹€鈹€鈹€鈹€鈹€鈹€鈹€鈹€鈹€鈹€鈹€鈹€鈹€鈹€鈹€鈹€鈹€鈹€鈹€鈹€鈹€鈹€鈹€鈹尖攢鈹€鈹€鈹€鈹€鈹€鈹尖攢鈹€鈹€鈹€鈹€鈹€鈹€鈹€鈹€鈹€鈹€鈹€鈹€鈹€鈹€鈹€鈹€鈹€鈹€鈹€鈹€鈹€鈹尖攢鈹€鈹€鈹€鈹€鈹€鈹€鈹€鈹€鈹€鈹€鈹€鈹€鈹€鈹€鈹€鈹€鈹€鈹€鈹€鈹?鈹?鍙戣捣鑰咃細鐢ㄦ埛 鎺ユ敹鑰咃細绯荤粺  鈹?鐢ㄦ埛瑙﹀彂     鈹?鍒涘缓闂宸ュ崟             鈹?鎺ユ敹宸ュ崟鍒涘缓璇锋眰                 鈹?E    鈹?闂宸ュ崟鍒涘缓璇锋眰             鈹?宸ュ崟鏍囬銆侀棶棰樻弿杩般€佸叧鑱斿皬鍖恒€佷紭鍏堢骇 鈹?鈹?鍙戣捣鑰咃細鐢ㄦ埛 鎺ユ敹鑰咃細绯荤粺  鈹?鐢ㄦ埛瑙﹀彂     鈹?                   鈹?璇诲彇鍏宠仈灏忓尯淇℃伅                 鈹?R    鈹?宸ュ崟鍏宠仈灏忓尯琛?             鈹?灏忓尯缂栧彿銆佸皬鍖哄悕绉般€佹墍灞炲湴甯傘€佸熀绔欑被 鈹?鈹?鍙戣捣鑰咃細鐢ㄦ埛 鎺ユ敹鑰咃細绯荤粺  鈹?鐢ㄦ埛瑙﹀彂     鈹?                   鈹?淇濆瓨宸ュ崟涓绘暟鎹?                 鈹?W    鈹?闂宸ュ崟涓绘暟鎹〃             鈹?宸ュ崟缂栧彿銆佸伐鍗曟爣棰樸€佺姸鎬併€佸垱寤烘椂闂淬€?鈹?鈹?鍙戣捣鑰咃細鐢ㄦ埛 鎺ユ敹鑰咃細绯荤粺  鈹?鐢ㄦ埛瑙﹀彂     鈹?                   鈹?鍛堢幇宸ュ崟鍒涘缓缁撴灉                 鈹?X    鈹?宸ュ崟鍒涘缓鍝嶅簲               鈹?宸ュ崟缂栧彿銆佺姸鎬佺爜銆佹彁绀烘秷鎭€佸垱寤烘椂闂?鈹?鈹溾攢鈹€鈹€鈹€鈹€鈹€鈹€鈹€鈹€鈹€鈹€鈹€鈹€鈹€鈹€鈹€鈹尖攢鈹€鈹€鈹€鈹€鈹€鈹€鈹€鈹€鈹€鈹尖攢鈹€鈹€鈹€鈹€鈹€鈹€鈹€鈹€鈹€鈹€鈹€鈹€鈹€鈹€鈹€鈹€鈹€鈹€鈹€鈹尖攢鈹€鈹€鈹€鈹€鈹€鈹€鈹€鈹€鈹€鈹€鈹€鈹€鈹€鈹€鈹€鈹€鈹€鈹€鈹€鈹€鈹€鈹€鈹€鈹€鈹€鈹尖攢鈹€鈹€鈹€鈹€鈹€鈹尖攢鈹€鈹€鈹€鈹€鈹€鈹€鈹€鈹€鈹€鈹€鈹€鈹€鈹€鈹€鈹€鈹€鈹€鈹€鈹€鈹€鈹€鈹尖攢鈹€鈹€鈹€鈹€鈹€鈹€鈹€鈹€鈹€鈹€鈹€鈹€鈹€鈹€鈹€鈹€鈹€鈹€鈹€鈹?鈹?鍙戣捣鑰咃細鐢ㄦ埛 鎺ユ敹鑰咃細绯荤粺  鈹?鐢ㄦ埛瑙﹀彂     鈹?鍒嗛厤闂宸ュ崟             鈹?鎺ユ敹宸ュ崟鍒嗛厤璇锋眰                 鈹?E    鈹?闂宸ュ崟鍒嗛厤璇锋眰             鈹?宸ュ崟缂栧彿銆佸垎閰嶄汉銆佸鐞嗕汉銆佸垎閰嶆椂闂? 鈹?鈹?鍙戣捣鑰咃細鐢ㄦ埛 鎺ユ敹鑰咃細绯荤粺  鈹?鐢ㄦ埛瑙﹀彂     鈹?                   鈹?璇诲彇宸ュ崟褰撳墠鐘舵€?                鈹?R    鈹?宸ュ崟鍒嗛厤鐘舵€佽〃              鈹?宸ュ崟缂栧彿銆佸綋鍓嶇姸鎬併€佸綋鍓嶅鐞嗕汉銆佹渶鍚?鈹?鈹?鍙戣捣鑰咃細鐢ㄦ埛 鎺ユ敹鑰咃細绯荤粺  鈹?鐢ㄦ埛瑙﹀彂     鈹?                   鈹?鏇存柊宸ュ崟鍒嗛厤璁板綍                 鈹?W    鈹?宸ュ崟鍒嗛厤璁板綍琛?             鈹?鍒嗛厤缂栧彿銆佸伐鍗曠紪鍙枫€佸垎閰嶄汉銆佸鐞嗕汉銆?鈹?鈹?鍙戣捣鑰咃細鐢ㄦ埛 鎺ユ敹鑰咃細绯荤粺  鈹?鐢ㄦ埛瑙﹀彂     鈹?                   鈹?鍛堢幇宸ュ崟鍒嗛厤缁撴灉                 鈹?X    鈹?宸ュ崟鍒嗛厤鍝嶅簲               鈹?鍒嗛厤缂栧彿銆佸伐鍗曠姸鎬併€佸垎閰嶆椂闂?    鈹?鈹溾攢鈹€鈹€鈹€鈹€鈹€鈹€鈹€鈹€鈹€鈹€鈹€鈹€鈹€鈹€鈹€鈹尖攢鈹€鈹€鈹€鈹€鈹€鈹€鈹€鈹€鈹€鈹尖攢鈹€鈹€鈹€鈹€鈹€鈹€鈹€鈹€鈹€鈹€鈹€鈹€鈹€鈹€鈹€鈹€鈹€鈹€鈹€鈹尖攢鈹€鈹€鈹€鈹€鈹€鈹€鈹€鈹€鈹€鈹€鈹€鈹€鈹€鈹€鈹€鈹€鈹€鈹€鈹€鈹€鈹€鈹€鈹€鈹€鈹€鈹尖攢鈹€鈹€鈹€鈹€鈹€鈹尖攢鈹€鈹€鈹€鈹€鈹€鈹€鈹€鈹€鈹€鈹€鈹€鈹€鈹€鈹€鈹€鈹€鈹€鈹€鈹€鈹€鈹€鈹尖攢鈹€鈹€鈹€鈹€鈹€鈹€鈹€鈹€鈹€鈹€鈹€鈹€鈹€鈹€鈹€鈹€鈹€鈹€鈹€鈹?鈹?鍙戣捣鑰咃細鐢ㄦ埛 鎺ユ敹鑰咃細绯荤粺  鈹?鐢ㄦ埛瑙﹀彂     鈹?澶勭悊闂宸ュ崟             鈹?鎺ユ敹宸ュ崟澶勭悊璇锋眰                 鈹?E    鈹?闂宸ュ崟澶勭悊璇锋眰             鈹?宸ュ崟缂栧彿銆佸鐞嗘柟妗堛€佸鐞嗙粨鏋溿€佸鐞嗕汉 鈹?鈹?鍙戣捣鑰咃細鐢ㄦ埛 鎺ユ敹鑰咃細绯荤粺  鈹?鐢ㄦ埛瑙﹀彂     鈹?                   鈹?璇诲彇宸ュ崟澶勭悊鍘嗗彶                 鈹?R    鈹?宸ュ崟澶勭悊鍘嗗彶琛?             鈹?宸ュ崟缂栧彿銆佸鐞嗚褰曘€佸鐞嗙姸鎬併€佸鐞嗘椂 鈹?鈹?鍙戣捣鑰咃細鐢ㄦ埛 鎺ユ敹鑰咃細绯荤粺  鈹?鐢ㄦ埛瑙﹀彂     鈹?                   鈹?淇濆瓨宸ュ崟澶勭悊璁板綍                 鈹?W    鈹?宸ュ崟澶勭悊缁撴灉琛?             鈹?澶勭悊缂栧彿銆佸伐鍗曠紪鍙枫€佸鐞嗘柟妗堛€佸鐞嗙粨 鈹?鈹?鍙戣捣鑰咃細鐢ㄦ埛 鎺ユ敹鑰咃細绯荤粺  鈹?鐢ㄦ埛瑙﹀彂     鈹?                   鈹?鍛堢幇宸ュ崟澶勭悊缁撴灉                 鈹?X    鈹?宸ュ崟澶勭悊鍝嶅簲               鈹?澶勭悊缂栧彿銆佸伐鍗曠姸鎬併€佸鐞嗘椂闂?    鈹?鈹溾攢鈹€鈹€鈹€鈹€鈹€鈹€鈹€鈹€鈹€鈹€鈹€鈹€鈹€鈹€鈹€鈹尖攢鈹€鈹€鈹€鈹€鈹€鈹€鈹€鈹€鈹€鈹尖攢鈹€鈹€鈹€鈹€鈹€鈹€鈹€鈹€鈹€鈹€鈹€鈹€鈹€鈹€鈹€鈹€鈹€鈹€鈹€鈹尖攢鈹€鈹€鈹€鈹€鈹€鈹€鈹€鈹€鈹€鈹€鈹€鈹€鈹€鈹€鈹€鈹€鈹€鈹€鈹€鈹€鈹€鈹€鈹€鈹€鈹€鈹尖攢鈹€鈹€鈹€鈹€鈹€鈹尖攢鈹€鈹€鈹€鈹€鈹€鈹€鈹€鈹€鈹€鈹€鈹€鈹€鈹€鈹€鈹€鈹€鈹€鈹€鈹€鈹€鈹€鈹尖攢鈹€鈹€鈹€鈹€鈹€鈹€鈹€鈹€鈹€鈹€鈹€鈹€鈹€鈹€鈹€鈹€鈹€鈹€鈹€鈹?鈹?鍙戣捣鑰咃細鐢ㄦ埛 鎺ユ敹鑰咃細绯荤粺  鈹?鐢ㄦ埛瑙﹀彂     鈹?瀹℃牳闂宸ュ崟             鈹?鎺ユ敹宸ュ崟瀹℃牳璇锋眰                 鈹?E    鈹?闂宸ュ崟瀹℃牳璇锋眰             鈹?宸ュ崟缂栧彿銆佸鏍告剰瑙併€佸鏍镐汉銆佸鏍告椂闂?鈹?鈹?鍙戣捣鑰咃細鐢ㄦ埛 鎺ユ敹鑰咃細绯荤粺  鈹?鐢ㄦ埛瑙﹀彂     鈹?                   鈹?璇诲彇宸ュ崟瀹℃牳閰嶇疆                 鈹?R    鈹?宸ュ崟瀹℃牳閰嶇疆琛?             鈹?瀹℃牳娴佺▼銆佸鏍歌鑹层€佸鏍歌鍒?    鈹?鈹?鍙戣捣鑰咃細鐢ㄦ埛 鎺ユ敹鑰咃細绯荤粺  鈹?鐢ㄦ埛瑙﹀彂     鈹?                   鈹?鏇存柊宸ュ崟瀹℃牳鐘舵€?                鈹?W    鈹?宸ュ崟瀹℃牳璁板綍琛?             鈹?瀹℃牳缂栧彿銆佸伐鍗曠紪鍙枫€佸鏍告剰瑙併€佸鏍哥粨 鈹?鈹?鍙戣捣鑰咃細鐢ㄦ埛 鎺ユ敹鑰咃細绯荤粺  鈹?鐢ㄦ埛瑙﹀彂     鈹?                   鈹?鍛堢幇宸ュ崟瀹℃牳缁撴灉                 鈹?X    鈹?宸ュ崟瀹℃牳鍝嶅簲               鈹?瀹℃牳缂栧彿銆佸伐鍗曠姸鎬併€佸鏍告椂闂?    鈹?鈹溾攢鈹€鈹€鈹€鈹€鈹€鈹€鈹€鈹€鈹€鈹€鈹€鈹€鈹€鈹€鈹€鈹尖攢鈹€鈹€鈹€鈹€鈹€鈹€鈹€鈹€鈹€鈹尖攢鈹€鈹€鈹€鈹€鈹€鈹€鈹€鈹€鈹€鈹€鈹€鈹€鈹€鈹€鈹€鈹€鈹€鈹€鈹€鈹尖攢鈹€鈹€鈹€鈹€鈹€鈹€鈹€鈹€鈹€鈹€鈹€鈹€鈹€鈹€鈹€鈹€鈹€鈹€鈹€鈹€鈹€鈹€鈹€鈹€鈹€鈹尖攢鈹€鈹€鈹€鈹€鈹€鈹尖攢鈹€鈹€鈹€鈹€鈹€鈹€鈹€鈹€鈹€鈹€鈹€鈹€鈹€鈹€鈹€鈹€鈹€鈹€鈹€鈹€鈹€鈹尖攢鈹€鈹€鈹€鈹€鈹€鈹€鈹€鈹€鈹€鈹€鈹€鈹€鈹€鈹€鈹€鈹€鈹€鈹€鈹€鈹?鈹?鍙戣捣鑰咃細鐢ㄦ埛 鎺ユ敹鑰咃細绯荤粺  鈹?鐢ㄦ埛瑙﹀彂     鈹?鏌ヨ闂宸ュ崟鍒楄〃           鈹?鎺ユ敹宸ュ崟鏌ヨ璇锋眰                 鈹?E    鈹?闂宸ュ崟鏌ヨ璇锋眰             鈹?鐘舵€佹潯浠躲€佷紭鍏堢骇鏉′欢銆佸鐞嗕汉鏉′欢銆佹煡 鈹?鈹?鍙戣捣鑰咃細鐢ㄦ埛 鎺ユ敹鑰咃細绯荤粺  鈹?鐢ㄦ埛瑙﹀彂     鈹?                   鈹?璇诲彇宸ュ崟鍩虹鏁版嵁                 鈹?R    鈹?宸ュ崟鍩虹鏁版嵁琛?             鈹?宸ュ崟缂栧彿銆佸伐鍗曟爣棰樸€佺姸鎬併€佷紭鍏堢骇銆佸垱 鈹?鈹?鍙戣捣鑰咃細鐢ㄦ埛 鎺ユ敹鑰咃細绯荤粺  鈹?鐢ㄦ埛瑙﹀彂     鈹?                   鈹?淇濆瓨宸ュ崟鏌ヨ鏃ュ織                 鈹?W    鈹?宸ュ崟鏌ヨ鏃ュ織琛?             鈹?鏌ヨ缂栧彿銆佹煡璇㈡潯浠躲€佹煡璇汉銆佹煡璇㈡椂闂?鈹?鈹?鍙戣捣鑰咃細鐢ㄦ埛 鎺ユ敹鑰咃細绯荤粺  鈹?鐢ㄦ埛瑙﹀彂     鈹?                   鈹?鍛堢幇宸ュ崟鏌ヨ缁撴灉                 鈹?X    鈹?宸ュ崟鏌ヨ鍝嶅簲               鈹?宸ュ崟鍒楄〃銆佹€绘暟閲忋€佽繑鍥炴椂闂?     鈹?鈹溾攢鈹€鈹€鈹€鈹€鈹€鈹€鈹€鈹€鈹€鈹€鈹€鈹€鈹€鈹€鈹€鈹尖攢鈹€鈹€鈹€鈹€鈹€鈹€鈹€鈹€鈹€鈹尖攢鈹€鈹€鈹€鈹€鈹€鈹€鈹€鈹€鈹€鈹€鈹€鈹€鈹€鈹€鈹€鈹€鈹€鈹€鈹€鈹尖攢鈹€鈹€鈹€鈹€鈹€鈹€鈹€鈹€鈹€鈹€鈹€鈹€鈹€鈹€鈹€鈹€鈹€鈹€鈹€鈹€鈹€鈹€鈹€鈹€鈹€鈹尖攢鈹€鈹€鈹€鈹€鈹€鈹尖攢鈹€鈹€鈹€鈹€鈹€鈹€鈹€鈹€鈹€鈹€鈹€鈹€鈹€鈹€鈹€鈹€鈹€鈹€鈹€鈹€鈹€鈹尖攢鈹€鈹€鈹€鈹€鈹€鈹€鈹€鈹€鈹€鈹€鈹€鈹€鈹€鈹€鈹€鈹€鈹€鈹€鈹€鈹?鈹?鍙戣捣鑰咃細鐢ㄦ埛 鎺ユ敹鑰咃細绯荤粺  鈹?鐢ㄦ埛瑙﹀彂     鈹?鍒涘缓浼樺寲鏂规             鈹?鎺ユ敹鏂规鍒涘缓璇锋眰                 鈹?E    鈹?浼樺寲鏂规鍒涘缓璇锋眰             鈹?鏂规鍚嶇О銆佸叧鑱斿皬鍖恒€佷紭鍖栫洰鏍囥€佸垱寤轰汉 鈹?鈹?鍙戣捣鑰咃細鐢ㄦ埛 鎺ユ敹鑰咃細绯荤粺  鈹?鐢ㄦ埛瑙﹀彂     鈹?                   鈹?璇诲彇灏忓尯浼樺寲閰嶇疆                 鈹?R    鈹?灏忓尯浼樺寲閰嶇疆琛?             鈹?灏忓尯缂栧彿銆佸綋鍓嶉厤缃€佸巻鍙蹭紭鍖栬褰?  鈹?鈹?鍙戣捣鑰咃細鐢ㄦ埛 鎺ユ敹鑰咃細绯荤粺  鈹?鐢ㄦ埛瑙﹀彂     鈹?                   鈹?淇濆瓨浼樺寲鏂规涓绘暟鎹?               鈹?W    鈹?浼樺寲鏂规涓绘暟鎹〃             鈹?鏂规缂栧彿銆佹柟妗堝悕绉般€佺姸鎬併€佸垱寤烘椂闂? 鈹?鈹?鍙戣捣鑰咃細鐢ㄦ埛 鎺ユ敹鑰咃細绯荤粺  鈹?鐢ㄦ埛瑙﹀彂     鈹?                   鈹?鍛堢幇鏂规鍒涘缓缁撴灉                 鈹?X    鈹?浼樺寲鏂规鍒涘缓鍝嶅簲             鈹?鏂规缂栧彿銆佺姸鎬佺爜銆佹彁绀烘秷鎭€佸垱寤烘椂闂?鈹?鈹溾攢鈹€鈹€鈹€鈹€鈹€鈹€鈹€鈹€鈹€鈹€鈹€鈹€鈹€鈹€鈹€鈹尖攢鈹€鈹€鈹€鈹€鈹€鈹€鈹€鈹€鈹€鈹尖攢鈹€鈹€鈹€鈹€鈹€鈹€鈹€鈹€鈹€鈹€鈹€鈹€鈹€鈹€鈹€鈹€鈹€鈹€鈹€鈹尖攢鈹€鈹€鈹€鈹€鈹€鈹€鈹€鈹€鈹€鈹€鈹€鈹€鈹€鈹€鈹€鈹€鈹€鈹€鈹€鈹€鈹€鈹€鈹€鈹€鈹€鈹尖攢鈹€鈹€鈹€鈹€鈹€鈹尖攢鈹€鈹€鈹€鈹€鈹€鈹€鈹€鈹€鈹€鈹€鈹€鈹€鈹€鈹€鈹€鈹€鈹€鈹€鈹€鈹€鈹€鈹尖攢鈹€鈹€鈹€鈹€鈹€鈹€鈹€鈹€鈹€鈹€鈹€鈹€鈹€鈹€鈹€鈹€鈹€鈹€鈹€鈹?鈹?鍙戣捣鑰咃細鐢ㄦ埛 鎺ユ敹鑰咃細绯荤粺  鈹?鐢ㄦ埛瑙﹀彂     鈹?璇勫浼樺寲鏂规             鈹?鎺ユ敹鏂规璇勫璇锋眰                 鈹?E    鈹?浼樺寲鏂规璇勫璇锋眰             鈹?鏂规缂栧彿銆佽瘎瀹℃剰瑙併€佽瘎瀹′汉銆佽瘎瀹℃椂闂?鈹?鈹?鍙戣捣鑰咃細鐢ㄦ埛 鎺ユ敹鑰咃細绯荤粺  鈹?鐢ㄦ埛瑙﹀彂     鈹?                   鈹?璇诲彇鏂规璇勫瑙勫垯                 鈹?R    鈹?鏂规璇勫瑙勫垯琛?             鈹?璇勫娴佺▼銆佽瘎瀹℃爣鍑嗐€侀€氳繃鏉′欢     鈹?鈹?鍙戣捣鑰咃細鐢ㄦ埛 鎺ユ敹鑰咃細绯荤粺  鈹?鐢ㄦ埛瑙﹀彂     鈹?                   鈹?鏇存柊鏂规璇勫鐘舵€?                鈹?W    鈹?鏂规璇勫璁板綍琛?             鈹?璇勫缂栧彿銆佹柟妗堢紪鍙枫€佽瘎瀹℃剰瑙併€佽瘎瀹＄粨 鈹?鈹?鍙戣捣鑰咃細鐢ㄦ埛 鎺ユ敹鑰咃細绯荤粺  鈹?鐢ㄦ埛瑙﹀彂     鈹?                   鈹?鍛堢幇鏂规璇勫缁撴灉                 鈹?X    鈹?浼樺寲鏂规璇勫鍝嶅簲             鈹?璇勫缂栧彿銆佹柟妗堢姸鎬併€佽瘎瀹℃椂闂?    鈹?鈹溾攢鈹€鈹€鈹€鈹€鈹€鈹€鈹€鈹€鈹€鈹€鈹€鈹€鈹€鈹€鈹€鈹尖攢鈹€鈹€鈹€鈹€鈹€鈹€鈹€鈹€鈹€鈹尖攢鈹€鈹€鈹€鈹€鈹€鈹€鈹€鈹€鈹€鈹€鈹€鈹€鈹€鈹€鈹€鈹€鈹€鈹€鈹€鈹尖攢鈹€鈹€鈹€鈹€鈹€鈹€鈹€鈹€鈹€鈹€鈹€鈹€鈹€鈹€鈹€鈹€鈹€鈹€鈹€鈹€鈹€鈹€鈹€鈹€鈹€鈹尖攢鈹€鈹€鈹€鈹€鈹€鈹尖攢鈹€鈹€鈹€鈹€鈹€鈹€鈹€鈹€鈹€鈹€鈹€鈹€鈹€鈹€鈹€鈹€鈹€鈹€鈹€鈹€鈹€鈹尖攢鈹€鈹€鈹€鈹€鈹€鈹€鈹€鈹€鈹€鈹€鈹€鈹€鈹€鈹€鈹€鈹€鈹€鈹€鈹€鈹?鈹?鍙戣捣鑰咃細鐢ㄦ埛 鎺ユ敹鑰咃細绯荤粺  鈹?鐢ㄦ埛瑙﹀彂     鈹?鎵ц浼樺寲鏂规             鈹?鎺ユ敹鏂规鎵ц璇锋眰                 鈹?E    鈹?浼樺寲鏂规鎵ц璇锋眰             鈹?鏂规缂栧彿銆佹墽琛屼汉銆佹墽琛屾椂闂?     鈹?鈹?鍙戣捣鑰咃細鐢ㄦ埛 鎺ユ敹鑰咃細绯荤粺  鈹?鐢ㄦ埛瑙﹀彂     鈹?                   鈹?璇诲彇鏂规鎵ц閰嶇疆                 鈹?R    鈹?鏂规鎵ц閰嶇疆琛?             鈹?鎵ц姝ラ銆佹墽琛屽弬鏁般€侀鏈熸晥鏋?    鈹?鈹?鍙戣捣鑰咃細鐢ㄦ埛 鎺ユ敹鑰咃細绯荤粺  鈹?鐢ㄦ埛瑙﹀彂     鈹?                   鈹?淇濆瓨鏂规鎵ц璁板綍                 鈹?W    鈹?鏂规鎵ц鏃ュ織琛?             鈹?鎵ц缂栧彿銆佹柟妗堢紪鍙枫€佹墽琛屾楠ゃ€佹墽琛岀粨 鈹?鈹?鍙戣捣鑰咃細鐢ㄦ埛 鎺ユ敹鑰咃細绯荤粺  鈹?鐢ㄦ埛瑙﹀彂     鈹?                   鈹?鍛堢幇鏂规鎵ц缁撴灉                 鈹?X    鈹?浼樺寲鏂规鎵ц鍝嶅簲             鈹?鎵ц缂栧彿銆佹柟妗堢姸鎬併€佹墽琛屾椂闂?    鈹?鈹溾攢鈹€鈹€鈹€鈹€鈹€鈹€鈹€鈹€鈹€鈹€鈹€鈹€鈹€鈹€鈹€鈹尖攢鈹€鈹€鈹€鈹€鈹€鈹€鈹€鈹€鈹€鈹尖攢鈹€鈹€鈹€鈹€鈹€鈹€鈹€鈹€鈹€鈹€鈹€鈹€鈹€鈹€鈹€鈹€鈹€鈹€鈹€鈹尖攢鈹€鈹€鈹€鈹€鈹€鈹€鈹€鈹€鈹€鈹€鈹€鈹€鈹€鈹€鈹€鈹€鈹€鈹€鈹€鈹€鈹€鈹€鈹€鈹€鈹€鈹尖攢鈹€鈹€鈹€鈹€鈹€鈹尖攢鈹€鈹€鈹€鈹€鈹€鈹€鈹€鈹€鈹€鈹€鈹€鈹€鈹€鈹€鈹€鈹€鈹€鈹€鈹€鈹€鈹€鈹尖攢鈹€鈹€鈹€鈹€鈹€鈹€鈹€鈹€鈹€鈹€鈹€鈹€鈹€鈹€鈹€鈹€鈹€鈹€鈹€鈹?鈹?鍙戣捣鑰咃細鐢ㄦ埛 鎺ユ敹鑰咃細绯荤粺  鈹?鐢ㄦ埛瑙﹀彂     鈹?璇勪及浼樺寲鏂规鏁堟灉           鈹?鎺ユ敹鏁堟灉璇勪及璇锋眰                 鈹?E    鈹?浼樺寲鏁堟灉璇勪及璇锋眰             鈹?鏂规缂栧彿銆佽瘎浼版椂闂磋寖鍥淬€佸姣旀寚鏍囥€佽瘎 鈹?鈹?鍙戣捣鑰咃細鐢ㄦ埛 鎺ユ敹鑰咃細绯荤粺  鈹?鐢ㄦ埛瑙﹀彂     鈹?                   鈹?璇诲彇浼樺寲鍓岾PI鏁版嵁               鈹?R    鈹?浼樺寲鍓岾PI鏁版嵁琛?           鈹?灏忓尯缂栧彿銆佷紭鍖栧墠鎺夎瘽鐜囥€佷紭鍖栧墠鎺ラ€氱巼 鈹?鈹?鍙戣捣鑰咃細鐢ㄦ埛 鎺ユ敹鑰咃細绯荤粺  鈹?鐢ㄦ埛瑙﹀彂     鈹?                   鈹?璇诲彇浼樺寲鍚嶬PI鏁版嵁               鈹?R    鈹?浼樺寲鍚嶬PI鏁版嵁琛?           鈹?灏忓尯缂栧彿銆佷紭鍖栧悗鎺夎瘽鐜囥€佷紭鍖栧悗鎺ラ€氱巼 鈹?鈹?鍙戣捣鑰咃細鐢ㄦ埛 鎺ユ敹鑰咃細绯荤粺  鈹?鐢ㄦ埛瑙﹀彂     鈹?                   鈹?淇濆瓨鏁堟灉璇勪及缁撴灉                 鈹?W    鈹?浼樺寲鏁堟灉璇勪及琛?             鈹?璇勪及缂栧彿銆佹柟妗堢紪鍙枫€佹敼鍠勭巼銆佽瘎浼扮粨璁?鈹?鈹?鍙戣捣鑰咃細鐢ㄦ埛 鎺ユ敹鑰咃細绯荤粺  鈹?鐢ㄦ埛瑙﹀彂     鈹?                   鈹?鍛堢幇鏁堟灉璇勪及缁撴灉                 鈹?X    鈹?浼樺寲鏁堟灉璇勪及鍝嶅簲             鈹?璇勪及缂栧彿銆佹敼鍠勬寚鏍囨暟銆佽瘎浼扮粨璁恒€佸姣?鈹?鈹溾攢鈹€鈹€鈹€鈹€鈹€鈹€鈹€鈹€鈹€鈹€鈹€鈹€鈹€鈹€鈹€鈹尖攢鈹€鈹€鈹€鈹€鈹€鈹€鈹€鈹€鈹€鈹尖攢鈹€鈹€鈹€鈹€鈹€鈹€鈹€鈹€鈹€鈹€鈹€鈹€鈹€鈹€鈹€鈹€鈹€鈹€鈹€鈹尖攢鈹€鈹€鈹€鈹€鈹€鈹€鈹€鈹€鈹€鈹€鈹€鈹€鈹€鈹€鈹€鈹€鈹€鈹€鈹€鈹€鈹€鈹€鈹€鈹€鈹€鈹尖攢鈹€鈹€鈹€鈹€鈹€鈹尖攢鈹€鈹€鈹€鈹€鈹€鈹€鈹€鈹€鈹€鈹€鈹€鈹€鈹€鈹€鈹€鈹€鈹€鈹€鈹€鈹€鈹€鈹尖攢鈹€鈹€鈹€鈹€鈹€鈹€鈹€鈹€鈹€鈹€鈹€鈹€鈹€鈹€鈹€鈹€鈹€鈹€鈹€鈹?鈹?鍙戣捣鑰咃細瀹氭椂瑙﹀彂鍣?鎺ユ敹鑰咃細 鈹?鏃堕挓瑙﹀彂     鈹?閲囬泦鍩虹珯鎬ц兘鎸囨爣           鈹?鎺ユ敹鎸囨爣閲囬泦淇″彿                 鈹?E    鈹?鍩虹珯鎸囨爣閲囬泦淇″彿             鈹?閲囬泦鏃堕棿銆侀噰闆嗗懆鏈熴€佸熀绔欒寖鍥淬€佷换鍔＄紪 鈹?鈹?鍙戣捣鑰咃細瀹氭椂瑙﹀彂鍣?鎺ユ敹鑰咃細 鈹?鏃堕挓瑙﹀彂     鈹?                   鈹?璇诲彇鍩虹珯鎬ц兘鏁版嵁                 鈹?R    鈹?鍩虹珯鎬ц兘鎺ュ彛鏁版嵁             鈹?鍩虹珯缂栧彿銆佹祦閲忋€佺敤鎴锋暟銆佸共鎵板€笺€侀噰闆?鈹?鈹?鍙戣捣鑰咃細瀹氭椂瑙﹀彂鍣?鎺ユ敹鑰咃細 鈹?鏃堕挓瑙﹀彂     鈹?                   鈹?淇濆瓨鍩虹珯鎬ц兘璁板綍                 鈹?W    鈹?鍩虹珯鎬ц兘鏁版嵁琛?             鈹?閲囬泦缂栧彿銆佸熀绔欑紪鍙枫€佹祦閲忋€佺敤鎴锋暟銆佸共 鈹?鈹?鍙戣捣鑰咃細瀹氭椂瑙﹀彂鍣?鎺ユ敹鑰咃細 鈹?鏃堕挓瑙﹀彂     鈹?                   鈹?鍛堢幇鎸囨爣閲囬泦缁撴灉                 鈹?X    鈹?鍩虹珯鎸囨爣閲囬泦鍝嶅簲             鈹?浠诲姟缂栧彿銆侀噰闆嗗熀绔欐暟銆佸鐞嗙姸鎬併€佸畬鎴?鈹?鈹溾攢鈹€鈹€鈹€鈹€鈹€鈹€鈹€鈹€鈹€鈹€鈹€鈹€鈹€鈹€鈹€鈹尖攢鈹€鈹€鈹€鈹€鈹€鈹€鈹€鈹€鈹€鈹尖攢鈹€鈹€鈹€鈹€鈹€鈹€鈹€鈹€鈹€鈹€鈹€鈹€鈹€鈹€鈹€鈹€鈹€鈹€鈹€鈹尖攢鈹€鈹€鈹€鈹€鈹€鈹€鈹€鈹€鈹€鈹€鈹€鈹€鈹€鈹€鈹€鈹€鈹€鈹€鈹€鈹€鈹€鈹€鈹€鈹€鈹€鈹尖攢鈹€鈹€鈹€鈹€鈹€鈹尖攢鈹€鈹€鈹€鈹€鈹€鈹€鈹€鈹€鈹€鈹€鈹€鈹€鈹€鈹€鈹€鈹€鈹€鈹€鈹€鈹€鈹€鈹尖攢鈹€鈹€鈹€鈹€鈹€鈹€鈹€鈹€鈹€鈹€鈹€鈹€鈹€鈹€鈹€鈹€鈹€鈹€鈹€鈹?鈹?鍙戣捣鑰咃細瀹氭椂瑙﹀彂鍣?鎺ユ敹鑰咃細 鈹?鏃堕挓瑙﹀彂     鈹?姹囨€荤綉缁滆川閲忔暟鎹?          鈹?鎺ユ敹璐ㄩ噺姹囨€讳俊鍙?                鈹?E    鈹?缃戠粶璐ㄩ噺姹囨€讳俊鍙?            鈹?姹囨€绘椂闂淬€佹眹鎬诲懆鏈熴€佸湴甯傝寖鍥淬€佷换鍔＄紪 鈹?鈹?鍙戣捣鑰咃細瀹氭椂瑙﹀彂鍣?鎺ユ敹鑰咃細 鈹?鏃堕挓瑙﹀彂     鈹?                   鈹?璇诲彇鍩虹珯璐ㄩ噺鏄庣粏                 鈹?R    鈹?鍩虹珯璐ㄩ噺鏄庣粏琛?             鈹?鍩虹珯缂栧彿銆佹墍灞炲湴甯傘€佹帀璇濈巼銆佹帴閫氱巼銆?鈹?鈹?鍙戣捣鑰咃細瀹氭椂瑙﹀彂鍣?鎺ユ敹鑰咃細 鈹?鏃堕挓瑙﹀彂     鈹?                   鈹?淇濆瓨鍦板競姹囨€荤粨鏋?                鈹?W    鈹?鍦板競璐ㄩ噺姹囨€昏〃              鈹?姹囨€荤紪鍙枫€佸湴甯傜紪鍙枫€佸钩鍧囨帀璇濈巼銆佸钩鍧?鈹?鈹?鍙戣捣鑰咃細瀹氭椂瑙﹀彂鍣?鎺ユ敹鑰咃細 鈹?鏃堕挓瑙﹀彂     鈹?                   鈹?鍛堢幇璐ㄩ噺姹囨€荤粨鏋?                鈹?X    鈹?缃戠粶璐ㄩ噺姹囨€诲搷搴?            鈹?浠诲姟缂栧彿銆佹眹鎬诲湴甯傛暟銆佸鐞嗙姸鎬併€佸畬鎴?鈹?鈹溾攢鈹€鈹€鈹€鈹€鈹€鈹€鈹€鈹€鈹€鈹€鈹€鈹€鈹€鈹€鈹€鈹尖攢鈹€鈹€鈹€鈹€鈹€鈹€鈹€鈹€鈹€鈹尖攢鈹€鈹€鈹€鈹€鈹€鈹€鈹€鈹€鈹€鈹€鈹€鈹€鈹€鈹€鈹€鈹€鈹€鈹€鈹€鈹尖攢鈹€鈹€鈹€鈹€鈹€鈹€鈹€鈹€鈹€鈹€鈹€鈹€鈹€鈹€鈹€鈹€鈹€鈹€鈹€鈹€鈹€鈹€鈹€鈹€鈹€鈹尖攢鈹€鈹€鈹€鈹€鈹€鈹尖攢鈹€鈹€鈹€鈹€鈹€鈹€鈹€鈹€鈹€鈹€鈹€鈹€鈹€鈹€鈹€鈹€鈹€鈹€鈹€鈹€鈹€鈹尖攢鈹€鈹€鈹€鈹€鈹€鈹€鈹€鈹€鈹€鈹€鈹€鈹€鈹€鈹€鈹€鈹€鈹€鈹€鈹€鈹?鈹?鍙戣捣鑰咃細瀹氭椂瑙﹀彂鍣?鎺ユ敹鑰咃細 鈹?鏃堕挓瑙﹀彂     鈹?鐢熸垚璐ㄥ樊灏忓尯棰勮           鈹?鎺ユ敹棰勮鐢熸垚淇″彿                 鈹?E    鈹?璐ㄥ樊棰勮鐢熸垚淇″彿             鈹?瑙﹀彂鏃堕棿銆佹娴嬪懆鏈熴€侀槇鍊兼爣璇嗐€佷换鍔＄紪 鈹?鈹?鍙戣捣鑰咃細瀹氭椂瑙﹀彂鍣?鎺ユ敹鑰咃細 鈹?鏃堕挓瑙﹀彂     鈹?                   鈹?璇诲彇灏忓尯KPI鏁版嵁                鈹?R    鈹?灏忓尯KPI鐩戞祴琛?            鈹?灏忓尯缂栧彿銆佹帀璇濈巼銆佸垏鎹㈡垚鍔熺巼銆佹帴閫氱巼 鈹?鈹?鍙戣捣鑰咃細瀹氭椂瑙﹀彂鍣?鎺ユ敹鑰咃細 鈹?鏃堕挓瑙﹀彂     鈹?                   鈹?璇诲彇棰勮闃堝€奸厤缃?                鈹?R    鈹?KPI棰勮闃堝€艰〃             鈹?鎸囨爣鍚嶇О銆侀璀﹂槇鍊笺€佷弗閲嶇瓑绾с€侀€傜敤鑼?鈹?鈹?鍙戣捣鑰咃細瀹氭椂瑙﹀彂鍣?鎺ユ敹鑰咃細 鈹?鏃堕挓瑙﹀彂     鈹?                   鈹?淇濆瓨璐ㄥ樊棰勮璁板綍                 鈹?W    鈹?璐ㄥ樊灏忓尯棰勮琛?             鈹?棰勮缂栧彿銆佸皬鍖虹紪鍙枫€佽秴鏍囨寚鏍囥€佽秴鏍囨暟 鈹?鈹?鍙戣捣鑰咃細瀹氭椂瑙﹀彂鍣?鎺ユ敹鑰咃細 鈹?鏃堕挓瑙﹀彂     鈹?                   鈹?鍛堢幇棰勮鐢熸垚缁撴灉                 鈹?X    鈹?璐ㄥ樊棰勮鐢熸垚鍝嶅簲             鈹?浠诲姟缂栧彿銆佹柊澧為璀︽暟銆佸鐞嗙姸鎬併€佸畬鎴?鈹?鈹溾攢鈹€鈹€鈹€鈹€鈹€鈹€鈹€鈹€鈹€鈹€鈹€鈹€鈹€鈹€鈹€鈹尖攢鈹€鈹€鈹€鈹€鈹€鈹€鈹€鈹€鈹€鈹尖攢鈹€鈹€鈹€鈹€鈹€鈹€鈹€鈹€鈹€鈹€鈹€鈹€鈹€鈹€鈹€鈹€鈹€鈹€鈹€鈹尖攢鈹€鈹€鈹€鈹€鈹€鈹€鈹€鈹€鈹€鈹€鈹€鈹€鈹€鈹€鈹€鈹€鈹€鈹€鈹€鈹€鈹€鈹€鈹€鈹€鈹€鈹尖攢鈹€鈹€鈹€鈹€鈹€鈹尖攢鈹€鈹€鈹€鈹€鈹€鈹€鈹€鈹€鈹€鈹€鈹€鈹€鈹€鈹€鈹€鈹€鈹€鈹€鈹€鈹€鈹€鈹尖攢鈹€鈹€鈹€鈹€鈹€鈹€鈹€鈹€鈹€鈹€鈹€鈹€鈹€鈹€鈹€鈹€鈹€鈹€鈹€鈹?鈹?鍙戣捣鑰咃細鎺ュ彛璋冪敤 鎺ユ敹鑰咃細绯?鈹?鎺ュ彛瑙﹀彂     鈹?鍚屾鍩虹珯閰嶇疆鏁版嵁           鈹?鎺ユ敹閰嶇疆鍚屾璇锋眰                 鈹?E    鈹?鍩虹珯閰嶇疆鍚屾璇锋眰             鈹?鍚屾鏃堕棿銆佸悓姝ヨ寖鍥淬€佹帴鍙ｆ爣璇嗐€佷换鍔＄紪 鈹?鈹?鍙戣捣鑰咃細鎺ュ彛璋冪敤 鎺ユ敹鑰咃細绯?鈹?鎺ュ彛瑙﹀彂     鈹?                   鈹?璇诲彇缃戠閰嶇疆鏁版嵁                 鈹?R    鈹?缃戠閰嶇疆鎺ュ彛琛?             鈹?鍩虹珯缂栧彿銆佸熀绔欏悕绉般€佺粡搴︺€佺含搴︺€佽澶?鈹?鈹?鍙戣捣鑰咃細鎺ュ彛璋冪敤 鎺ユ敹鑰咃細绯?鈹?鎺ュ彛瑙﹀彂     鈹?                   鈹?淇濆瓨閰嶇疆鍚屾璁板綍                 鈹?W    鈹?鍩虹珯閰嶇疆鍚屾琛?             鈹?鍚屾缂栧彿銆佸熀绔欑紪鍙枫€侀厤缃増鏈€佸悓姝ユ椂 鈹?鈹?鍙戣捣鑰咃細鎺ュ彛璋冪敤 鎺ユ敹鑰咃細绯?鈹?鎺ュ彛瑙﹀彂     鈹?                   鈹?鍛堢幇閰嶇疆鍚屾缁撴灉                 鈹?X    鈹?鍩虹珯閰嶇疆鍚屾鍝嶅簲             鈹?浠诲姟缂栧彿銆佸悓姝ュ熀绔欐暟銆佹柊澧炴暟銆佹洿鏂版暟 鈹?鈹溾攢鈹€鈹€鈹€鈹€鈹€鈹€鈹€鈹€鈹€鈹€鈹€鈹€鈹€鈹€鈹€鈹尖攢鈹€鈹€鈹€鈹€鈹€鈹€鈹€鈹€鈹€鈹尖攢鈹€鈹€鈹€鈹€鈹€鈹€鈹€鈹€鈹€鈹€鈹€鈹€鈹€鈹€鈹€鈹€鈹€鈹€鈹€鈹尖攢鈹€鈹€鈹€鈹€鈹€鈹€鈹€鈹€鈹€鈹€鈹€鈹€鈹€鈹€鈹€鈹€鈹€鈹€鈹€鈹€鈹€鈹€鈹€鈹€鈹€鈹尖攢鈹€鈹€鈹€鈹€鈹€鈹尖攢鈹€鈹€鈹€鈹€鈹€鈹€鈹€鈹€鈹€鈹€鈹€鈹€鈹€鈹€鈹€鈹€鈹€鈹€鈹€鈹€鈹€鈹尖攢鈹€鈹€鈹€鈹€鈹€鈹€鈹€鈹€鈹€鈹€鈹€鈹€鈹€鈹€鈹€鈹€鈹€鈹€鈹€鈹?鈹?鍙戣捣鑰咃細鎺ュ彛璋冪敤 鎺ユ敹鑰咃細绯?鈹?鎺ュ彛瑙﹀彂     鈹?鑾峰彇鍩虹珯鍦扮悊浣嶇疆           鈹?鎺ユ敹浣嶇疆鑾峰彇璇锋眰                 鈹?E    鈹?鍩虹珯浣嶇疆鑾峰彇璇锋眰             鈹?鑾峰彇鏃堕棿銆佸熀绔欒寖鍥淬€佹帴鍙ｆ爣璇嗐€佷换鍔＄紪 鈹?鈹?鍙戣捣鑰咃細鎺ュ彛璋冪敤 鎺ユ敹鑰咃細绯?鈹?鎺ュ彛瑙﹀彂     鈹?                   鈹?璇诲彇GIS浣嶇疆鏁版嵁                鈹?R    鈹?GIS浣嶇疆鎺ュ彛琛?            鈹?鍩虹珯缂栧彿銆佺粡搴︺€佺含搴︺€佹捣鎷旈珮搴︺€佷綅缃?鈹?鈹?鍙戣捣鑰咃細鎺ュ彛璋冪敤 鎺ユ敹鑰咃細绯?鈹?鎺ュ彛瑙﹀彂     鈹?                   鈹?淇濆瓨浣嶇疆鏇存柊璁板綍                 鈹?W    鈹?鍩虹珯浣嶇疆鏁版嵁琛?             鈹?鏇存柊缂栧彿銆佸熀绔欑紪鍙枫€佺粡搴︺€佺含搴︺€佹洿鏂?鈹?鈹?鍙戣捣鑰咃細鎺ュ彛璋冪敤 鎺ユ敹鑰咃細绯?鈹?鎺ュ彛瑙﹀彂     鈹?                   鈹?鍛堢幇浣嶇疆鑾峰彇缁撴灉                 鈹?X    鈹?鍩虹珯浣嶇疆鑾峰彇鍝嶅簲             鈹?浠诲姟缂栧彿銆佽幏鍙栧熀绔欐暟銆佸鐞嗙姸鎬併€佸畬鎴?鈹?鈹溾攢鈹€鈹€鈹€鈹€鈹€鈹€鈹€鈹€鈹€鈹€鈹€鈹€鈹€鈹€鈹€鈹尖攢鈹€鈹€鈹€鈹€鈹€鈹€鈹€鈹€鈹€鈹尖攢鈹€鈹€鈹€鈹€鈹€鈹€鈹€鈹€鈹€鈹€鈹€鈹€鈹€鈹€鈹€鈹€鈹€鈹€鈹€鈹尖攢鈹€鈹€鈹€鈹€鈹€鈹€鈹€鈹€鈹€鈹€鈹€鈹€鈹€鈹€鈹€鈹€鈹€鈹€鈹€鈹€鈹€鈹€鈹€鈹€鈹€鈹尖攢鈹€鈹€鈹€鈹€鈹€鈹尖攢鈹€鈹€鈹€鈹€鈹€鈹€鈹€鈹€鈹€鈹€鈹€鈹€鈹€鈹€鈹€鈹€鈹€鈹€鈹€鈹€鈹€鈹尖攢鈹€鈹€鈹€鈹€鈹€鈹€鈹€鈹€鈹€鈹€鈹€鈹€鈹€鈹€鈹€鈹€鈹€鈹€鈹€鈹?鈹?鍙戣捣鑰咃細鎺ュ彛璋冪敤 鎺ユ敹鑰咃細绯?鈹?鎺ュ彛瑙﹀彂     鈹?鎺ㄩ€佽川閲忔姤琛ㄦ暟鎹?          鈹?鎺ユ敹鎶ヨ〃鎺ㄩ€佽姹?                鈹?E    鈹?璐ㄩ噺鎶ヨ〃鎺ㄩ€佽姹?            鈹?鎺ㄩ€佹椂闂淬€佹姤琛ㄧ被鍨嬨€佹暟鎹寖鍥淬€佷换鍔＄紪 鈹?鈹?鍙戣捣鑰咃細鎺ュ彛璋冪敤 鎺ユ敹鑰咃細绯?鈹?鎺ュ彛瑙﹀彂     鈹?                   鈹?璇诲彇璐ㄩ噺姹囨€绘暟鎹?                鈹?R    鈹?璐ㄩ噺姹囨€绘暟鎹〃              鈹?鍦板競缂栧彿銆佹姤琛ㄦ棩鏈熴€佸钩鍧囨寚鏍囧€笺€佽揪鏍?鈹?鈹?鍙戣捣鑰咃細鎺ュ彛璋冪敤 鎺ユ敹鑰咃細绯?鈹?鎺ュ彛瑙﹀彂     鈹?                   鈹?淇濆瓨鎶ヨ〃鎺ㄩ€佽褰?                鈹?W    鈹?鎶ヨ〃鎺ㄩ€佹棩蹇楄〃              鈹?鎺ㄩ€佺紪鍙枫€佹姤琛ㄧ被鍨嬨€佹帹閫佹椂闂淬€佹暟鎹噺 鈹?鈹?鍙戣捣鑰咃細鎺ュ彛璋冪敤 鎺ユ敹鑰咃細绯?鈹?鎺ュ彛瑙﹀彂     鈹?                   鈹?鍛堢幇鎶ヨ〃鎺ㄩ€佺粨鏋?                鈹?X    鈹?璐ㄩ噺鎶ヨ〃鎺ㄩ€佸搷搴?            鈹?浠诲姟缂栧彿銆佹帹閫佽褰曟暟銆佸鐞嗙姸鎬併€佸畬鎴?鈹?鈹溾攢鈹€鈹€鈹€鈹€鈹€鈹€鈹€鈹€鈹€鈹€鈹€鈹€鈹€鈹€鈹€鈹尖攢鈹€鈹€鈹€鈹€鈹€鈹€鈹€鈹€鈹€鈹尖攢鈹€鈹€鈹€鈹€鈹€鈹€鈹€鈹€鈹€鈹€鈹€鈹€鈹€鈹€鈹€鈹€鈹€鈹€鈹€鈹尖攢鈹€鈹€鈹€鈹€鈹€鈹€鈹€鈹€鈹€鈹€鈹€鈹€鈹€鈹€鈹€鈹€鈹€鈹€鈹€鈹€鈹€鈹€鈹€鈹€鈹€鈹尖攢鈹€鈹€鈹€鈹€鈹€鈹尖攢鈹€鈹€鈹€鈹€鈹€鈹€鈹€鈹€鈹€鈹€鈹€鈹€鈹€鈹€鈹€鈹€鈹€鈹€鈹€鈹€鈹€鈹尖攢鈹€鈹€鈹€鈹€鈹€鈹€鈹€鈹€鈹€鈹€鈹€鈹€鈹€鈹€鈹€鈹€鈹€鈹€鈹€鈹?鈹?鍙戣捣鑰咃細鐢ㄦ埛 鎺ユ敹鑰咃細鐢ㄦ埛  鈹?鐢ㄦ埛瑙﹀彂     鈹?鏌ョ湅璐ㄥ樊灏忓尯璇︽儏           鈹?鎺ユ敹灏忓尯璇︽儏鏌ョ湅璇锋眰               鈹?E    鈹?璐ㄥ樊灏忓尯璇︽儏璇锋眰             鈹?灏忓尯缂栧彿銆佹煡鐪嬫椂闂淬€佽姹備汉      鈹?鈹?鍙戣捣鑰咃細鐢ㄦ埛 鎺ユ敹鑰咃細鐢ㄦ埛  鈹?鐢ㄦ埛瑙﹀彂     鈹?                   鈹?璇诲彇璐ㄥ樊灏忓尯KPI鏁版嵁              鈹?R    鈹?璐ㄥ樊灏忓尯KPI鏄庣粏琛?          鈹?灏忓尯缂栧彿銆佹帀璇濈巼銆佹帴閫氱巼銆佸垏鎹㈡垚鍔熺巼 鈹?鈹?鍙戣捣鑰咃細鐢ㄦ埛 鎺ユ敹鑰咃細鐢ㄦ埛  鈹?鐢ㄦ埛瑙﹀彂     鈹?                   鈹?淇濆瓨鏌ョ湅鏃ュ織璁板綍                 鈹?W    鈹?璐ㄥ樊灏忓尯鏌ョ湅鏃ュ織琛?           鈹?鏃ュ織缂栧彿銆佸皬鍖虹紪鍙枫€佹煡鐪嬩汉銆佹煡鐪嬫椂闂?鈹?鈹?鍙戣捣鑰咃細鐢ㄦ埛 鎺ユ敹鑰咃細鐢ㄦ埛  鈹?鐢ㄦ埛瑙﹀彂     鈹?                   鈹?鍛堢幇璐ㄥ樊灏忓尯璇︽儏                 鈹?X    鈹?璐ㄥ樊灏忓尯璇︽儏鍝嶅簲             鈹?灏忓尯缂栧彿銆並PI鎸囨爣闆嗐€佸巻鍙茶秼鍔裤€佸叧 鈹?鈹溾攢鈹€鈹€鈹€鈹€鈹€鈹€鈹€鈹€鈹€鈹€鈹€鈹€鈹€鈹€鈹€鈹尖攢鈹€鈹€鈹€鈹€鈹€鈹€鈹€鈹€鈹€鈹尖攢鈹€鈹€鈹€鈹€鈹€鈹€鈹€鈹€鈹€鈹€鈹€鈹€鈹€鈹€鈹€鈹€鈹€鈹€鈹€鈹尖攢鈹€鈹€鈹€鈹€鈹€鈹€鈹€鈹€鈹€鈹€鈹€鈹€鈹€鈹€鈹€鈹€鈹€鈹€鈹€鈹€鈹€鈹€鈹€鈹€鈹€鈹尖攢鈹€鈹€鈹€鈹€鈹€鈹尖攢鈹€鈹€鈹€鈹€鈹€鈹€鈹€鈹€鈹€鈹€鈹€鈹€鈹€鈹€鈹€鈹€鈹€鈹€鈹€鈹€鈹€鈹尖攢鈹€鈹€鈹€鈹€鈹€鈹€鈹€鈹€鈹€鈹€鈹€鈹€鈹€鈹€鈹€鈹€鈹€鈹€鈹€鈹?鈹?鍙戣捣鑰咃細鐢ㄦ埛 鎺ユ敹鑰咃細鐢ㄦ埛  鈹?鐢ㄦ埛瑙﹀彂     鈹?娣诲姞璐ㄥ樊澶勭悊澶囨敞           鈹?鎺ユ敹澶勭悊澶囨敞娣诲姞璇锋眰               鈹?E    鈹?璐ㄥ樊澶勭悊澶囨敞璇锋眰             鈹?灏忓尯缂栧彿銆佸鐞嗘剰瑙併€佹坊鍔犱汉銆佸娉ㄧ被鍨?鈹?鈹?鍙戣捣鑰咃細鐢ㄦ埛 鎺ユ敹鑰咃細鐢ㄦ埛  鈹?鐢ㄦ埛瑙﹀彂     鈹?                   鈹?璇诲彇璐ㄥ樊灏忓尯鐘舵€佹暟鎹?              鈹?R    鈹?璐ㄥ樊灏忓尯鐘舵€佽〃              鈹?灏忓尯缂栧彿銆佸綋鍓嶇姸鎬併€佹渶鍚庡鐞嗕汉銆佹渶鍚?鈹?鈹?鍙戣捣鑰咃細鐢ㄦ埛 鎺ユ敹鑰咃細鐢ㄦ埛  鈹?鐢ㄦ埛瑙﹀彂     鈹?                   鈹?鏇存柊璐ㄥ樊澶勭悊澶囨敞                 鈹?W    鈹?璐ㄥ樊澶勭悊澶囨敞琛?             鈹?澶囨敞缂栧彿銆佸皬鍖虹紪鍙枫€佸娉ㄥ唴瀹广€佹坊鍔犱汉 鈹?鈹?鍙戣捣鑰咃細鐢ㄦ埛 鎺ユ敹鑰咃細鐢ㄦ埛  鈹?鐢ㄦ埛瑙﹀彂     鈹?                   鈹?鍛堢幇澶囨敞娣诲姞缁撴灉                 鈹?X    鈹?璐ㄥ樊澶囨敞鍝嶅簲               鈹?灏忓尯缂栧彿銆佸娉ㄧ紪鍙枫€佹坊鍔犵姸鎬併€佹洿鏂版椂 鈹?鈹溾攢鈹€鈹€鈹€鈹€鈹€鈹€鈹€鈹€鈹€鈹€鈹€鈹€鈹€鈹€鈹€鈹尖攢鈹€鈹€鈹€鈹€鈹€鈹€鈹€鈹€鈹€鈹尖攢鈹€鈹€鈹€鈹€鈹€鈹€鈹€鈹€鈹€鈹€鈹€鈹€鈹€鈹€鈹€鈹€鈹€鈹€鈹€鈹尖攢鈹€鈹€鈹€鈹€鈹€鈹€鈹€鈹€鈹€鈹€鈹€鈹€鈹€鈹€鈹€鈹€鈹€鈹€鈹€鈹€鈹€鈹€鈹€鈹€鈹€鈹尖攢鈹€鈹€鈹€鈹€鈹€鈹尖攢鈹€鈹€鈹€鈹€鈹€鈹€鈹€鈹€鈹€鈹€鈹€鈹€鈹€鈹€鈹€鈹€鈹€鈹€鈹€鈹€鈹€鈹尖攢鈹€鈹€鈹€鈹€鈹€鈹€鈹€鈹€鈹€鈹€鈹€鈹€鈹€鈹€鈹€鈹€鈹€鈹€鈹€鈹?鈹?鍙戣捣鑰咃細瀹氭椂瑙﹀彂鍣?鎺ユ敹鑰咃細 鈹?鏃堕挓瑙﹀彂     鈹?鍙戦€侀璀︾煭淇￠€氱煡           鈹?鎺ユ敹棰勮鐭俊瑙﹀彂淇″彿               鈹?E    鈹?棰勮鐭俊瑙﹀彂淇″彿             鈹?瑙﹀彂鏃堕棿銆侀璀︾被鍨嬨€佷换鍔＄紪鍙枫€侀€氱煡鑼?鈹?鈹?鍙戣捣鑰咃細瀹氭椂瑙﹀彂鍣?鎺ユ敹鑰咃細 鈹?鏃堕挓瑙﹀彂     鈹?                   鈹?璇诲彇璐ㄥ樊棰勮璁板綍                 鈹?R    鈹?璐ㄥ樊灏忓尯棰勮璁板綍琛?           鈹?棰勮缂栧彿銆佸皬鍖虹紪鍙枫€侀璀︾瓑绾с€佺敓鎴愭椂 鈹?鈹?鍙戣捣鑰咃細瀹氭椂瑙﹀彂鍣?鎺ユ敹鑰咃細 鈹?鏃堕挓瑙﹀彂     鈹?                   鈹?璇诲彇閫氱煡浜哄憳閰嶇疆                 鈹?R    鈹?棰勮閫氱煡閰嶇疆琛?             鈹?閫氱煡缁勭紪鍙枫€佹帴鏀朵汉鎵嬫満鍙枫€侀€氱煡妯℃澘銆?鈹?鈹?鍙戣捣鑰咃細瀹氭椂瑙﹀彂鍣?鎺ユ敹鑰咃細 鈹?鏃堕挓瑙﹀彂     鈹?                   鈹?淇濆瓨鐭俊鍙戦€佹棩蹇?                鈹?W    鈹?棰勮鐭俊鍙戦€佹棩蹇楄〃            鈹?鍙戦€佺紪鍙枫€侀璀︾紪鍙枫€佹帴鏀朵汉銆佸彂閫佹椂闂?鈹?鈹?鍙戣捣鑰咃細瀹氭椂瑙﹀彂鍣?鎺ユ敹鑰咃細 鈹?鏃堕挓瑙﹀彂     鈹?                   鈹?鍛堢幇鐭俊鍙戦€佺粨鏋?                鈹?X    鈹?棰勮鐭俊鍝嶅簲               鈹?浠诲姟缂栧彿銆佸彂閫佹垚鍔熸暟銆佸け璐ユ暟銆佸畬鎴愭椂 鈹?鈹溾攢鈹€鈹€鈹€鈹€鈹€鈹€鈹€鈹€鈹€鈹€鈹€鈹€鈹€鈹€鈹€鈹尖攢鈹€鈹€鈹€鈹€鈹€鈹€鈹€鈹€鈹€鈹尖攢鈹€鈹€鈹€鈹€鈹€鈹€鈹€鈹€鈹€鈹€鈹€鈹€鈹€鈹€鈹€鈹€鈹€鈹€鈹€鈹尖攢鈹€鈹€鈹€鈹€鈹€鈹€鈹€鈹€鈹€鈹€鈹€鈹€鈹€鈹€鈹€鈹€鈹€鈹€鈹€鈹€鈹€鈹€鈹€鈹€鈹€鈹尖攢鈹€鈹€鈹€鈹€鈹€鈹尖攢鈹€鈹€鈹€鈹€鈹€鈹€鈹€鈹€鈹€鈹€鈹€鈹€鈹€鈹€鈹€鈹€鈹€鈹€鈹€鈹€鈹€鈹尖攢鈹€鈹€鈹€鈹€鈹€鈹€鈹€鈹€鈹€鈹€鈹€鈹€鈹€鈹€鈹€鈹€鈹€鈹€鈹€鈹?鈹?鍙戣捣鑰咃細鐢ㄦ埛 鎺ユ敹鑰咃細鐢ㄦ埛  鈹?鐢ㄦ埛瑙﹀彂     鈹?鏌ヨ浼樺寲鏂规鍒楄〃           鈹?鎺ユ敹鏂规鍒楄〃鏌ヨ璇锋眰               鈹?E    鈹?浼樺寲鏂规鏌ヨ璇锋眰             鈹?鏌ヨ鏉′欢銆佸垎椤靛弬鏁般€佹帓搴忔柟寮忋€佽姹備汉 鈹?鈹?鍙戣捣鑰咃細鐢ㄦ埛 鎺ユ敹鑰咃細鐢ㄦ埛  鈹?鐢ㄦ埛瑙﹀彂     鈹?                   鈹?璇诲彇浼樺寲鏂规涓绘暟鎹?               鈹?R    鈹?浼樺寲鏂规涓绘暟鎹〃             鈹?鏂规缂栧彿銆佹柟妗堝悕绉般€佸垱寤轰汉銆佸垱寤烘椂闂?鈹?鈹?鍙戣捣鑰咃細鐢ㄦ埛 鎺ユ敹鑰咃細鐢ㄦ埛  鈹?鐢ㄦ埛瑙﹀彂     鈹?                   鈹?淇濆瓨鏌ヨ鏃ュ織璁板綍                 鈹?W    鈹?鏂规鏌ヨ鏃ュ織琛?             鈹?鏃ュ織缂栧彿銆佹煡璇㈡潯浠躲€佹煡璇汉銆佹煡璇㈡椂闂?鈹?鈹?鍙戣捣鑰咃細鐢ㄦ埛 鎺ユ敹鑰咃細鐢ㄦ埛  鈹?鐢ㄦ埛瑙﹀彂     鈹?                   鈹?鍛堢幇鏂规鍒楄〃缁撴灉                 鈹?X    鈹?浼樺寲鏂规鍒楄〃鍝嶅簲             鈹?鏂规鍒楄〃銆佸垎椤典俊鎭€佹€绘暟缁熻銆佽繑鍥炴椂 鈹?鈹溾攢鈹€鈹€鈹€鈹€鈹€鈹€鈹€鈹€鈹€鈹€鈹€鈹€鈹€鈹€鈹€鈹尖攢鈹€鈹€鈹€鈹€鈹€鈹€鈹€鈹€鈹€鈹尖攢鈹€鈹€鈹€鈹€鈹€鈹€鈹€鈹€鈹€鈹€鈹€鈹€鈹€鈹€鈹€鈹€鈹€鈹€鈹€鈹尖攢鈹€鈹€鈹€鈹€鈹€鈹€鈹€鈹€鈹€鈹€鈹€鈹€鈹€鈹€鈹€鈹€鈹€鈹€鈹€鈹€鈹€鈹€鈹€鈹€鈹€鈹尖攢鈹€鈹€鈹€鈹€鈹€鈹尖攢鈹€鈹€鈹€鈹€鈹€鈹€鈹€鈹€鈹€鈹€鈹€鈹€鈹€鈹€鈹€鈹€鈹€鈹€鈹€鈹€鈹€鈹尖攢鈹€鈹€鈹€鈹€鈹€鈹€鈹€鈹€鈹€鈹€鈹€鈹€鈹€鈹€鈹€鈹€鈹€鈹€鈹€鈹?鈹?鍙戣捣鑰咃細鐢ㄦ埛 鎺ユ敹鑰咃細鐢ㄦ埛  鈹?鐢ㄦ埛瑙﹀彂     鈹?鏌ョ湅浼樺寲鏂规璇︽儏           鈹?鎺ユ敹鏂规璇︽儏璇锋眰                 鈹?E    鈹?浼樺寲鏂规璇︽儏璇锋眰             鈹?鏂规缂栧彿銆佹煡鐪嬫椂闂淬€佽姹備汉      鈹?鈹?鍙戣捣鑰咃細鐢ㄦ埛 鎺ユ敹鑰咃細鐢ㄦ埛  鈹?鐢ㄦ埛瑙﹀彂     鈹?                   鈹?璇诲彇浼樺寲鏂规鍐呭                 鈹?R    鈹?浼樺寲鏂规鍐呭琛?             鈹?鏂规缂栧彿銆佷紭鍖栫洰鏍囥€佸疄鏂芥楠ゃ€侀鏈熸晥 鈹?鈹?鍙戣捣鑰咃細鐢ㄦ埛 鎺ユ敹鑰咃細鐢ㄦ埛  鈹?鐢ㄦ埛瑙﹀彂     鈹?                   鈹?璇诲彇鏂规鎵ц鏃ュ織                 鈹?R    鈹?鏂规鎵ц鏃ュ織琛?             鈹?鏃ュ織缂栧彿銆佹柟妗堢紪鍙枫€佹墽琛屼汉銆佹墽琛屾椂闂?鈹?鈹?鍙戣捣鑰咃細鐢ㄦ埛 鎺ユ敹鑰咃細鐢ㄦ埛  鈹?鐢ㄦ埛瑙﹀彂     鈹?                   鈹?淇濆瓨璇︽儏鏌ョ湅璁板綍                 鈹?W    鈹?鏂规鏌ョ湅鏃ュ織琛?             鈹?璁板綍缂栧彿銆佹柟妗堢紪鍙枫€佹煡鐪嬩汉銆佹煡鐪嬫椂闂?鈹?鈹?鍙戣捣鑰咃細鐢ㄦ埛 鎺ユ敹鑰咃細鐢ㄦ埛  鈹?鐢ㄦ埛瑙﹀彂     鈹?                   鈹?鍛堢幇鏂规璇︽儏缁撴灉                 鈹?X    鈹?浼樺寲鏂规璇︽儏鍝嶅簲             鈹?鏂规璇︽儏銆佹墽琛屾棩蹇椼€佸叧鑱擪PI銆佽瘎浼?鈹?鈹溾攢鈹€鈹€鈹€鈹€鈹€鈹€鈹€鈹€鈹€鈹€鈹€鈹€鈹€鈹€鈹€鈹尖攢鈹€鈹€鈹€鈹€鈹€鈹€鈹€鈹€鈹€鈹尖攢鈹€鈹€鈹€鈹€鈹€鈹€鈹€鈹€鈹€鈹€鈹€鈹€鈹€鈹€鈹€鈹€鈹€鈹€鈹€鈹尖攢鈹€鈹€鈹€鈹€鈹€鈹€鈹€鈹€鈹€鈹€鈹€鈹€鈹€鈹€鈹€鈹€鈹€鈹€鈹€鈹€鈹€鈹€鈹€鈹€鈹€鈹尖攢鈹€鈹€鈹€鈹€鈹€鈹尖攢鈹€鈹€鈹€鈹€鈹€鈹€鈹€鈹€鈹€鈹€鈹€鈹€鈹€鈹€鈹€鈹€鈹€鈹€鈹€鈹€鈹€鈹尖攢鈹€鈹€鈹€鈹€鈹€鈹€鈹€鈹€鈹€鈹€鈹€鈹€鈹€鈹€鈹€鈹€鈹€鈹€鈹€鈹?鈹?鍙戣捣鑰咃細瀹氭椂瑙﹀彂鍣?鎺ユ敹鑰咃細 鈹?鏃堕挓瑙﹀彂     鈹?鐢熸垚缃戠粶璐ㄩ噺鏃ユ姤           鈹?鎺ユ敹鏃ユ姤鐢熸垚瑙﹀彂淇″彿               鈹?E    鈹?璐ㄩ噺鏃ユ姤瑙﹀彂淇″彿             鈹?瑙﹀彂鏃堕棿銆佹姤鍛婃棩鏈熴€佷换鍔＄紪鍙枫€佹姤琛ㄧ被 鈹?鈹?鍙戣捣鑰咃細瀹氭椂瑙﹀彂鍣?鎺ユ敹鑰咃細 鈹?鏃堕挓瑙﹀彂     鈹?                   鈹?璇诲彇缃戠粶璐ㄩ噺姹囨€绘暟鎹?              鈹?R    鈹?缃戠粶璐ㄩ噺姹囨€绘暟鎹〃            鈹?鍦板競缂栧彿銆佹眹鎬绘棩鏈熴€佹祦閲忔寚鏍囥€佺敤鎴锋暟 鈹?鈹?鍙戣捣鑰咃細瀹氭椂瑙﹀彂鍣?鎺ユ敹鑰咃細 鈹?鏃堕挓瑙﹀彂     鈹?                   鈹?璇诲彇璐ㄥ樊灏忓尯缁熻                 鈹?R    鈹?璐ㄥ樊灏忓尯缁熻琛?             鈹?缁熻鏃ユ湡銆佸湴甯傜紪鍙枫€佽川宸皬鍖烘暟銆佷弗閲?鈹?鈹?鍙戣捣鑰咃細瀹氭椂瑙﹀彂鍣?鎺ユ敹鑰咃細 鈹?鏃堕挓瑙﹀彂     鈹?                   鈹?淇濆瓨鏃ユ姤璁板綍                   鈹?W    鈹?缃戠粶璐ㄩ噺鏃ユ姤琛?             鈹?鏃ユ姤缂栧彿銆佹姤鍛婃棩鏈熴€佺敓鎴愭椂闂淬€佹暟鎹寖 鈹?鈹?鍙戣捣鑰咃細瀹氭椂瑙﹀彂鍣?鎺ユ敹鑰咃細 鈹?鏃堕挓瑙﹀彂     鈹?                   鈹?鍛堢幇鏃ユ姤鐢熸垚缁撴灉                 鈹?X    鈹?璐ㄩ噺鏃ユ姤鍝嶅簲               鈹?浠诲姟缂栧彿銆佹姤琛ㄧ姸鎬併€佹枃浠跺ぇ灏忋€佺敓鎴愯€?鈹?鈹溾攢鈹€鈹€鈹€鈹€鈹€鈹€鈹€鈹€鈹€鈹€鈹€鈹€鈹€鈹€鈹€鈹尖攢鈹€鈹€鈹€鈹€鈹€鈹€鈹€鈹€鈹€鈹尖攢鈹€鈹€鈹€鈹€鈹€鈹€鈹€鈹€鈹€鈹€鈹€鈹€鈹€鈹€鈹€鈹€鈹€鈹€鈹€鈹尖攢鈹€鈹€鈹€鈹€鈹€鈹€鈹€鈹€鈹€鈹€鈹€鈹€鈹€鈹€鈹€鈹€鈹€鈹€鈹€鈹€鈹€鈹€鈹€鈹€鈹€鈹尖攢鈹€鈹€鈹€鈹€鈹€鈹尖攢鈹€鈹€鈹€鈹€鈹€鈹€鈹€鈹€鈹€鈹€鈹€鈹€鈹€鈹€鈹€鈹€鈹€鈹€鈹€鈹€鈹€鈹尖攢鈹€鈹€鈹€鈹€鈹€鈹€鈹€鈹€鈹€鈹€鈹€鈹€鈹€鈹€鈹€鈹€鈹€鈹€鈹€鈹?鈹?鍙戣捣鑰咃細鎺ュ彛璋冪敤 鎺ユ敹鑰咃細绯?鈹?鎺ュ彛瑙﹀彂     鈹?澶勭悊GIS鍩虹珯浣嶇疆鏇存柊        鈹?鎺ユ敹GIS浣嶇疆鏇存柊璇锋眰              鈹?E    鈹?GIS浣嶇疆鏇存柊璇锋眰            鈹?鍩虹珯缂栧彿銆佹柊缁忓害銆佹柊绾害銆佹洿鏂版椂闂淬€?鈹?鈹?鍙戣捣鑰咃細鎺ュ彛璋冪敤 鎺ユ敹鑰咃細绯?鈹?鎺ュ彛瑙﹀彂     鈹?                   鈹?璇诲彇鍩虹珯褰撳墠浣嶇疆                 鈹?R    鈹?鍩虹珯浣嶇疆鏁版嵁琛?             鈹?鍩虹珯缂栧彿銆佸師缁忓害銆佸師绾害銆佹渶鍚庢洿鏂版椂 鈹?鈹?鍙戣捣鑰咃細鎺ュ彛璋冪敤 鎺ユ敹鑰咃細绯?鈹?鎺ュ彛瑙﹀彂     鈹?                   鈹?鏇存柊鍩虹珯浣嶇疆淇℃伅                 鈹?W    鈹?澶勭悊GI鍩虹珯浣嶇疆鏁版嵁琛?         鈹?鍩虹珯缂栧彿銆佹柊缁忓害銆佹柊绾害銆佹洿鏂颁汉銆佹洿 鈹?鈹?鍙戣捣鑰咃細鎺ュ彛璋冪敤 鎺ユ敹鑰咃細绯?鈹?鎺ュ彛瑙﹀彂     鈹?                   鈹?淇濆瓨浣嶇疆鍙樻洿鏃ュ織                 鈹?W    鈹?鍩虹珯浣嶇疆鍙樻洿鏃ュ織             鈹?鏃ュ織缂栧彿銆佸熀绔欑紪鍙枫€佸彉鏇村唴瀹广€佹搷浣滀汉 鈹?鈹?鍙戣捣鑰咃細鎺ュ彛璋冪敤 鎺ユ敹鑰咃細绯?鈹?鎺ュ彛瑙﹀彂     鈹?                   鈹?杩斿洖浣嶇疆鏇存柊缁撴灉                 鈹?X    鈹?GIS浣嶇疆鍝嶅簲              鈹?鍩虹珯缂栧彿銆佹洿鏂扮姸鎬併€佸彉鏇存椂闂淬€佺増鏈彿 鈹?鈹溾攢鈹€鈹€鈹€鈹€鈹€鈹€鈹€鈹€鈹€鈹€鈹€鈹€鈹€鈹€鈹€鈹尖攢鈹€鈹€鈹€鈹€鈹€鈹€鈹€鈹€鈹€鈹尖攢鈹€鈹€鈹€鈹€鈹€鈹€鈹€鈹€鈹€鈹€鈹€鈹€鈹€鈹€鈹€鈹€鈹€鈹€鈹€鈹尖攢鈹€鈹€鈹€鈹€鈹€鈹€鈹€鈹€鈹€鈹€鈹€鈹€鈹€鈹€鈹€鈹€鈹€鈹€鈹€鈹€鈹€鈹€鈹€鈹€鈹€鈹尖攢鈹€鈹€鈹€鈹€鈹€鈹尖攢鈹€鈹€鈹€鈹€鈹€鈹€鈹€鈹€鈹€鈹€鈹€鈹€鈹€鈹€鈹€鈹€鈹€鈹€鈹€鈹€鈹€鈹尖攢鈹€鈹€鈹€鈹€鈹€鈹€鈹€鈹€鈹€鈹€鈹€鈹€鈹€鈹€鈹€鈹€鈹€鈹€鈹€鈹?鈹?鍙戣捣鑰咃細鐢ㄦ埛 鎺ユ敹鑰咃細鐢ㄦ埛  鈹?鐢ㄦ埛瑙﹀彂     鈹?瀵煎嚭璐ㄥ樊灏忓尯鎶ヨ〃           鈹?鎺ユ敹鎶ヨ〃瀵煎嚭璇锋眰                 鈹?E    鈹?璐ㄥ樊鎶ヨ〃瀵煎嚭璇锋眰             鈹?瀵煎嚭鏉′欢銆佹枃浠舵牸寮忋€佸鍑鸿寖鍥淬€佽姹備汉 鈹?鈹?鍙戣捣鑰咃細鐢ㄦ埛 鎺ユ敹鑰咃細鐢ㄦ埛  鈹?鐢ㄦ埛瑙﹀彂     鈹?                   鈹?璇诲彇璐ㄥ樊灏忓尯鏁版嵁                 鈹?R    鈹?璐ㄥ樊灏忓尯瀵煎嚭鏁版嵁琛?           鈹?灏忓尯缂栧彿銆佸湴甯傘€佸尯鍘裤€並PI鎸囨爣銆佸 鈹?鈹?鍙戣捣鑰咃細鐢ㄦ埛 鎺ユ敹鑰咃細鐢ㄦ埛  鈹?鐢ㄦ埛瑙﹀彂     鈹?                   鈹?鐢熸垚鎶ヨ〃鏂囦欢                   鈹?W    鈹?璐ㄥ樊鎶ヨ〃鏂囦欢璁板綍             鈹?鏂囦欢缂栧彿銆佺敓鎴愭椂闂淬€佹枃浠跺ぇ灏忋€佸瓨鍌ㄨ矾 鈹?鈹?鍙戣捣鑰咃細鐢ㄦ埛 鎺ユ敹鑰咃細鐢ㄦ埛  鈹?鐢ㄦ埛瑙﹀彂     鈹?                   鈹?杩斿洖鎶ヨ〃涓嬭浇閾炬帴                 鈹?X    鈹?璐ㄥ樊鎶ヨ〃鍝嶅簲               鈹?鏂囦欢缂栧彿銆佷笅杞経RL銆佹湁鏁堟湡銆佹枃浠朵俊 鈹?鈹溾攢鈹€鈹€鈹€鈹€鈹€鈹€鈹€鈹€鈹€鈹€鈹€鈹€鈹€鈹€鈹€鈹尖攢鈹€鈹€鈹€鈹€鈹€鈹€鈹€鈹€鈹€鈹尖攢鈹€鈹€鈹€鈹€鈹€鈹€鈹€鈹€鈹€鈹€鈹€鈹€鈹€鈹€鈹€鈹€鈹€鈹€鈹€鈹尖攢鈹€鈹€鈹€鈹€鈹€鈹€鈹€鈹€鈹€鈹€鈹€鈹€鈹€鈹€鈹€鈹€鈹€鈹€鈹€鈹€鈹€鈹€鈹€鈹€鈹€鈹尖攢鈹€鈹€鈹€鈹€鈹€鈹尖攢鈹€鈹€鈹€鈹€鈹€鈹€鈹€鈹€鈹€鈹€鈹€鈹€鈹€鈹€鈹€鈹€鈹€鈹€鈹€鈹€鈹€鈹尖攢鈹€鈹€鈹€鈹€鈹€鈹€鈹€鈹€鈹€鈹€鈹€鈹€鈹€鈹€鈹€鈹€鈹€鈹€鈹€鈹?鈹?鍙戣捣鑰咃細瀹氭椂瑙﹀彂鍣?鎺ユ敹鑰咃細 鈹?鏃堕挓瑙﹀彂     鈹?娓呯悊杩囨湡棰勮鏁版嵁           鈹?鎺ユ敹棰勮娓呯悊瑙﹀彂淇″彿               鈹?E    鈹?棰勮娓呯悊瑙﹀彂淇″彿             鈹?瑙﹀彂鏃堕棿銆佷繚鐣欏ぉ鏁般€佷换鍔＄紪鍙枫€佹竻鐞嗙被 鈹?鈹?鍙戣捣鑰咃細瀹氭椂瑙﹀彂鍣?鎺ユ敹鑰咃細 鈹?鏃堕挓瑙﹀彂     鈹?                   鈹?璇诲彇寰呮竻鐞嗛璀?                 鈹?R    鈹?杩囨湡棰勮璁板綍琛?             鈹?棰勮缂栧彿銆佺敓鎴愭椂闂淬€佸皬鍖虹紪鍙枫€侀璀︾被 鈹?鈹?鍙戣捣鑰咃細瀹氭椂瑙﹀彂鍣?鎺ユ敹鑰咃細 鈹?鏃堕挓瑙﹀彂     鈹?                   鈹?鍒犻櫎杩囨湡棰勮璁板綍                 鈹?W    鈹?璐ㄥ樊棰勮娓呯悊鏃ュ織             鈹?娓呯悊缂栧彿銆佹竻鐞嗘暟閲忋€佷繚鐣欓槇鍊笺€佹墽琛屾椂 鈹?鈹?鍙戣捣鑰咃細瀹氭椂瑙﹀彂鍣?鎺ユ敹鑰咃細 鈹?鏃堕挓瑙﹀彂     鈹?                   鈹?杩斿洖娓呯悊缁撴灉                   鈹?X    鈹?棰勮娓呯悊鍝嶅簲               鈹?浠诲姟缂栧彿銆佸凡娓呯悊鏁般€佸墿浣欐暟銆佹墽琛岃€楁椂 鈹?鈹溾攢鈹€鈹€鈹€鈹€鈹€鈹€鈹€鈹€鈹€鈹€鈹€鈹€鈹€鈹€鈹€鈹尖攢鈹€鈹€鈹€鈹€鈹€鈹€鈹€鈹€鈹€鈹尖攢鈹€鈹€鈹€鈹€鈹€鈹€鈹€鈹€鈹€鈹€鈹€鈹€鈹€鈹€鈹€鈹€鈹€鈹€鈹€鈹尖攢鈹€鈹€鈹€鈹€鈹€鈹€鈹€鈹€鈹€鈹€鈹€鈹€鈹€鈹€鈹€鈹€鈹€鈹€鈹€鈹€鈹€鈹€鈹€鈹€鈹€鈹尖攢鈹€鈹€鈹€鈹€鈹€鈹尖攢鈹€鈹€鈹€鈹€鈹€鈹€鈹€鈹€鈹€鈹€鈹€鈹€鈹€鈹€鈹€鈹€鈹€鈹€鈹€鈹€鈹€鈹尖攢鈹€鈹€鈹€鈹€鈹€鈹€鈹€鈹€鈹€鈹€鈹€鈹€鈹€鈹€鈹€鈹€鈹€鈹€鈹€鈹?鈹?鍙戣捣鑰咃細鐢ㄦ埛 鎺ユ敹鑰咃細鐢ㄦ埛  鈹?鐢ㄦ埛瑙﹀彂     鈹?鏌ヨ鍩虹珯鎬ц兘瓒嬪娍           鈹?鎺ユ敹瓒嬪娍鏌ヨ璇锋眰                 鈹?E    鈹?鎬ц兘瓒嬪娍璇锋眰               鈹?鍩虹珯缂栧彿銆佹椂闂磋寖鍥淬€佹寚鏍囩被鍨嬨€佽姹備汉 鈹?鈹?鍙戣捣鑰咃細鐢ㄦ埛 鎺ユ敹鑰咃細鐢ㄦ埛  鈹?鐢ㄦ埛瑙﹀彂     鈹?                   鈹?璇诲彇鍘嗗彶鎬ц兘鏁版嵁                 鈹?R    鈹?鍩虹珯鎬ц兘鍘嗗彶琛?             鈹?鍩虹珯缂栧彿銆侀噰闆嗘椂闂淬€佹祦閲忓€笺€佺敤鎴锋暟銆?鈹?鈹?鍙戣捣鑰咃細鐢ㄦ埛 鎺ユ敹鑰咃細鐢ㄦ埛  鈹?鐢ㄦ埛瑙﹀彂     鈹?                   鈹?淇濆瓨瓒嬪娍鏌ヨ鏃ュ織                 鈹?W    鈹?鎬ц兘鏌ヨ鏃ュ織琛?             鈹?鏃ュ織缂栧彿銆佸熀绔欑紪鍙枫€佹煡璇㈡潯浠躲€佹煡璇汉 鈹?鈹?鍙戣捣鑰咃細鐢ㄦ埛 鎺ユ敹鑰咃細鐢ㄦ埛  鈹?鐢ㄦ埛瑙﹀彂     鈹?                   鈹?鍛堢幇鎬ц兘瓒嬪娍鍥?                 鈹?X    鈹?鎬ц兘瓒嬪娍鍝嶅簲               鈹?鍩虹珯缂栧彿銆佹椂闂磋酱銆佹寚鏍囨暟鎹€佸姣斿熀绾?鈹?鈹溾攢鈹€鈹€鈹€鈹€鈹€鈹€鈹€鈹€鈹€鈹€鈹€鈹€鈹€鈹€鈹€鈹尖攢鈹€鈹€鈹€鈹€鈹€鈹€鈹€鈹€鈹€鈹尖攢鈹€鈹€鈹€鈹€鈹€鈹€鈹€鈹€鈹€鈹€鈹€鈹€鈹€鈹€鈹€鈹€鈹€鈹€鈹€鈹尖攢鈹€鈹€鈹€鈹€鈹€鈹€鈹€鈹€鈹€鈹€鈹€鈹€鈹€鈹€鈹€鈹€鈹€鈹€鈹€鈹€鈹€鈹€鈹€鈹€鈹€鈹尖攢鈹€鈹€鈹€鈹€鈹€鈹尖攢鈹€鈹€鈹€鈹€鈹€鈹€鈹€鈹€鈹€鈹€鈹€鈹€鈹€鈹€鈹€鈹€鈹€鈹€鈹€鈹€鈹€鈹尖攢鈹€鈹€鈹€鈹€鈹€鈹€鈹€鈹€鈹€鈹€鈹€鈹€鈹€鈹€鈹€鈹€鈹€鈹€鈹€鈹?鈹?鍙戣捣鑰咃細鎺ュ彛璋冪敤 鎺ユ敹鑰咃細绯?鈹?鎺ュ彛瑙﹀彂     鈹?鎺ユ敹涓婄骇骞冲彴鏁版嵁           鈹?鎺ユ敹骞冲彴鏁版嵁鎺ㄩ€?                鈹?E    鈹?涓婄骇骞冲彴鏁版嵁璇锋眰             鈹?鎺ュ彛鏍囪瘑銆佹暟鎹増鏈€佹帹閫佹椂闂淬€佹暟鎹噺 鈹?鈹?鍙戣捣鑰咃細鎺ュ彛璋冪敤 鎺ユ敹鑰咃細绯?鈹?鎺ュ彛瑙﹀彂     鈹?                   鈹?瑙ｆ瀽骞冲彴鏁版嵁鍖?                 鈹?R    鈹?骞冲彴鏁版嵁涓存椂琛?             鈹?鏁版嵁缂栧彿銆佸師濮嬪唴瀹广€佽В鏋愮姸鎬併€佹帴鏀舵椂 鈹?鈹?鍙戣捣鑰咃細鎺ュ彛璋冪敤 鎺ユ敹鑰咃細绯?鈹?鎺ュ彛瑙﹀彂     鈹?                   鈹?淇濆瓨骞冲彴鏁版嵁璁板綍                 鈹?W    鈹?涓婄骇骞冲彴鏁版嵁琛?             鈹?璁板綍缂栧彿銆佹暟鎹唴瀹广€佹湁鏁堟爣璁般€佸叆搴撴椂 鈹?鈹?鍙戣捣鑰咃細鎺ュ彛璋冪敤 鎺ユ敹鑰咃細绯?鈹?鎺ュ彛瑙﹀彂     鈹?                   鈹?杩斿洖鎺ユ敹纭                   鈹?X    鈹?骞冲彴鏁版嵁鍝嶅簲               鈹?鎺ユ敹鐘舵€併€佸鐞嗘暟閲忋€侀敊璇暟銆佸畬鎴愭椂闂?鈹?鈹溾攢鈹€鈹€鈹€鈹€鈹€鈹€鈹€鈹€鈹€鈹€鈹€鈹€鈹€鈹€鈹€鈹尖攢鈹€鈹€鈹€鈹€鈹€鈹€鈹€鈹€鈹€鈹尖攢鈹€鈹€鈹€鈹€鈹€鈹€鈹€鈹€鈹€鈹€鈹€鈹€鈹€鈹€鈹€鈹€鈹€鈹€鈹€鈹尖攢鈹€鈹€鈹€鈹€鈹€鈹€鈹€鈹€鈹€鈹€鈹€鈹€鈹€鈹€鈹€鈹€鈹€鈹€鈹€鈹€鈹€鈹€鈹€鈹€鈹€鈹尖攢鈹€鈹€鈹€鈹€鈹€鈹尖攢鈹€鈹€鈹€鈹€鈹€鈹€鈹€鈹€鈹€鈹€鈹€鈹€鈹€鈹€鈹€鈹€鈹€鈹€鈹€鈹€鈹€鈹尖攢鈹€鈹€鈹€鈹€鈹€鈹€鈹€鈹€鈹€鈹€鈹€鈹€鈹€鈹€鈹€鈹€鈹€鈹€鈹€鈹?鈹?鍙戣捣鑰咃細鐢ㄦ埛 鎺ユ敹鑰咃細鐢ㄦ埛  鈹?鐢ㄦ埛瑙﹀彂     鈹?璁剧疆棰勮闃堝€?            鈹?鎺ユ敹闃堝€艰缃姹?                鈹?E    鈹?棰勮闃堝€艰缃姹?            鈹?鎸囨爣绫诲瀷銆侀槇鍊兼暟鍊笺€佺敓鏁堣寖鍥淬€佽缃汉 鈹?鈹?鍙戣捣鑰咃細鐢ㄦ埛 鎺ユ敹鑰咃細鐢ㄦ埛  鈹?鐢ㄦ埛瑙﹀彂     鈹?                   鈹?璇诲彇褰撳墠闃堝€奸厤缃?                鈹?R    鈹?棰勮闃堝€煎綋鍓嶅€艰〃             鈹?鎸囨爣鍚嶇О銆佸綋鍓嶉槇鍊笺€佹渶鍚庝慨鏀逛汉銆佷慨鏀?鈹?鈹?鍙戣捣鑰咃細鐢ㄦ埛 鎺ユ敹鑰咃細鐢ㄦ埛  鈹?鐢ㄦ埛瑙﹀彂     鈹?                   鈹?鏇存柊闃堝€奸厤缃?                  鈹?W    鈹?棰勮闃堝€奸厤缃〃              鈹?閰嶇疆缂栧彿銆佹寚鏍囧悕绉般€佹柊闃堝€笺€佺敓鏁堟椂闂?鈹?鈹?鍙戣捣鑰咃細鐢ㄦ埛 鎺ユ敹鑰咃細鐢ㄦ埛  鈹?鐢ㄦ埛瑙﹀彂     鈹?                   鈹?杩斿洖璁剧疆缁撴灉                   鈹?X    鈹?闃堝€艰缃搷搴?              鈹?鎸囨爣绫诲瀷銆佹柊闃堝€煎€笺€佺敓鏁堢姸鎬併€佹洿鏂版椂 鈹?鈹斺攢鈹€鈹€鈹€鈹€鈹€鈹€鈹€鈹€鈹€鈹€鈹€鈹€鈹€鈹€鈹€鈹粹攢鈹€鈹€鈹€鈹€鈹€鈹€鈹€鈹€鈹€鈹粹攢鈹€鈹€鈹€鈹€鈹€鈹€鈹€鈹€鈹€鈹€鈹€鈹€鈹€鈹€鈹€鈹€鈹€鈹€鈹€鈹粹攢鈹€鈹€鈹€鈹€鈹€鈹€鈹€鈹€鈹€鈹€鈹€鈹€鈹€鈹€鈹€鈹€鈹€鈹€鈹€鈹€鈹€鈹€鈹€鈹€鈹€鈹粹攢鈹€鈹€鈹€鈹€鈹€鈹粹攢鈹€鈹€鈹€鈹€鈹€鈹€鈹€鈹€鈹€鈹€鈹€鈹€鈹€鈹€鈹€鈹€鈹€鈹€鈹€鈹€鈹€鈹粹攢鈹€鈹€鈹€鈹€鈹€鈹€鈹€鈹€鈹€鈹€鈹€鈹€鈹€鈹€鈹€鈹€鈹€鈹€鈹€鈹?
鈺愨晲鈺愨晲鈺愨晲鈺愨晲鈺愨晲鈺愨晲鈺愨晲鈺愨晲鈺愨晲鈺愨晲鈺愨晲鈺愨晲鈺愨晲鈺愨晲鈺愨晲鈺愨晲鈺愨晲鈺愨晲鈺愨晲鈺愨晲鈺愨晲鈺愨晲鈺愨晲鈺愨晲鈺愨晲鈺愨晲鈺愨晲鈺愨晲鈺愨晲鈺愨晲
  娴嬭瘯瀹屾垚
鈺愨晲鈺愨晲鈺愨晲鈺愨晲鈺愨晲鈺愨晲鈺愨晲鈺愨晲鈺愨晲鈺愨晲鈺愨晲鈺愨晲鈺愨晲鈺愨晲鈺愨晲鈺愨晲鈺愨晲鈺愨晲鈺愨晲鈺愨晲鈺愨晲鈺愨晲鈺愨晲鈺愨晲鈺愨晲鈺愨晲鈺愨晲鈺愨晲鈺愨晲鈺愨晲
  鈴?缁撴潫鏃堕棿: 2026骞?鏈?0鏃?涓嬪崍4:10:06
